Component: ARM Compiler 5.06 update 6 (build 750) Tool: armlink [4d35ed]

==============================================================================

Section Cross References

    startup_n32g45x.o(RESET) refers to startup_n32g45x.o(STACK) for __initial_sp
    startup_n32g45x.o(RESET) refers to startup_n32g45x.o(.text) for Reset_Handler
    startup_n32g45x.o(RESET) refers to n32g45x_it.o(i.NMI_Handler) for NMI_Handler
    startup_n32g45x.o(RESET) refers to n32g45x_it.o(i.HardFault_Handler) for HardFault_Handler
    startup_n32g45x.o(RESET) refers to n32g45x_it.o(i.MemManage_Handler) for MemManage_Handler
    startup_n32g45x.o(RESET) refers to n32g45x_it.o(i.BusFault_Handler) for BusFault_Handler
    startup_n32g45x.o(RESET) refers to n32g45x_it.o(i.UsageFault_Handler) for UsageFault_Handler
    startup_n32g45x.o(RESET) refers to n32g45x_it.o(i.SVC_Handler) for SVC_Handler
    startup_n32g45x.o(RESET) refers to n32g45x_it.o(i.DebugMon_Handler) for DebugMon_Handler
    startup_n32g45x.o(RESET) refers to n32g45x_it.o(i.SysTick_Handler) for SysTick_Handler
    startup_n32g45x.o(RESET) refers to n32g45x_it.o(i.TIM1_UP_IRQHandler) for TIM1_UP_IRQHandler
    startup_n32g45x.o(.text) refers to system_n32g45x.o(i.SystemInit) for SystemInit
    startup_n32g45x.o(.text) refers to entry.o(.ARM.Collect$$$$00000000) for __main
    system_n32g45x.o(i.SetSysClock) refers to system_n32g45x.o(.data) for SystemCoreClock
    system_n32g45x.o(i.SystemCoreClockUpdate) refers to system_n32g45x.o(.data) for SystemCoreClock
    system_n32g45x.o(i.SystemCoreClockUpdate) refers to system_n32g45x.o(.constdata) for AHBPrescTable
    system_n32g45x.o(i.SystemInit) refers to system_n32g45x.o(i.SetSysClock) for SetSysClock
    main.o(i.main) refers to n32g45x_rcc.o(i.RCC_EnableAPB2PeriphClk) for RCC_EnableAPB2PeriphClk
    main.o(i.main) refers to n32g45x_gpio.o(i.GPIO_InitPeripheral) for GPIO_InitPeripheral
    main.o(i.main) refers to tim.o(i.TIM_Intial) for TIM_Intial
    main.o(i.main) refers to uart.o(i.UART_Init) for UART_Init
    main.o(i.main) refers to uart.o(i.UART_SentData) for UART_SentData
    main.o(i.main) refers to n32g45x_it.o(.data) for ii
    main.o(i.main) refers to main.o(.data) for iii
    main.o(i.main) refers to main.o(.bss) for UART_Buffer
    n32g45x_it.o(i.TIM1_UP_IRQHandler) refers to n32g45x_gpio.o(i.GPIO_SetBits) for GPIO_SetBits
    n32g45x_it.o(i.TIM1_UP_IRQHandler) refers to n32g45x_gpio.o(i.GPIO_ResetBits) for GPIO_ResetBits
    n32g45x_it.o(i.TIM1_UP_IRQHandler) refers to sinf.o(i.__hardfp_sinf) for __hardfp_sinf
    n32g45x_it.o(i.TIM1_UP_IRQHandler) refers to cosf.o(i.__hardfp_cosf) for __hardfp_cosf
    n32g45x_it.o(i.TIM1_UP_IRQHandler) refers to control.o(i.Udq2SVPWM) for Udq2SVPWM
    n32g45x_it.o(i.TIM1_UP_IRQHandler) refers to control.o(i.SVPWM2Duty) for SVPWM2Duty
    n32g45x_it.o(i.TIM1_UP_IRQHandler) refers to n32g45x_it.o(.data) for i
    n32g45x_it.o(i.TIM1_UP_IRQHandler) refers to main.o(.bss) for ABC_DQ_Data
    tim.o(i.TIM2_NVIC_Configuration) refers to misc.o(i.NVIC_PriorityGroupConfig) for NVIC_PriorityGroupConfig
    tim.o(i.TIM2_NVIC_Configuration) refers to misc.o(i.NVIC_Init) for NVIC_Init
    tim.o(i.TIM2_RCC_Configuration) refers to n32g45x_rcc.o(i.RCC_ConfigPclk1) for RCC_ConfigPclk1
    tim.o(i.TIM2_RCC_Configuration) refers to n32g45x_rcc.o(i.RCC_EnableAPB1PeriphClk) for RCC_EnableAPB1PeriphClk
    tim.o(i.TIM2_TIM_Init) refers to tim.o(i.TIM2_RCC_Configuration) for TIM2_RCC_Configuration
    tim.o(i.TIM2_TIM_Init) refers to tim.o(i.TIM2_NVIC_Configuration) for TIM2_NVIC_Configuration
    tim.o(i.TIM2_TIM_Init) refers to n32g45x_tim.o(i.TIM_InitTimeBase) for TIM_InitTimeBase
    tim.o(i.TIM2_TIM_Init) refers to n32g45x_tim.o(i.TIM_ConfigInt) for TIM_ConfigInt
    tim.o(i.TIM2_TIM_Init) refers to n32g45x_tim.o(i.TIM_Enable) for TIM_Enable
    tim.o(i.TIM_Intial) refers to n32g45x_rcc.o(i.RCC_EnableAPB1PeriphClk) for RCC_EnableAPB1PeriphClk
    tim.o(i.TIM_Intial) refers to n32g45x_rcc.o(i.RCC_EnableAPB2PeriphClk) for RCC_EnableAPB2PeriphClk
    tim.o(i.TIM_Intial) refers to n32g45x_tim.o(i.TIM_InitTimeBase) for TIM_InitTimeBase
    tim.o(i.TIM_Intial) refers to n32g45x_tim.o(i.TIM_InitOc1) for TIM_InitOc1
    tim.o(i.TIM_Intial) refers to n32g45x_tim.o(i.TIM_InitOc3) for TIM_InitOc3
    tim.o(i.TIM_Intial) refers to n32g45x_tim.o(i.TIM_InitOc4) for TIM_InitOc4
    tim.o(i.TIM_Intial) refers to n32g45x_tim.o(i.TIM_InitOc2) for TIM_InitOc2
    tim.o(i.TIM_Intial) refers to n32g45x_tim.o(i.TIM_InitBkdtStruct) for TIM_InitBkdtStruct
    tim.o(i.TIM_Intial) refers to n32g45x_tim.o(i.TIM_ConfigBkdt) for TIM_ConfigBkdt
    tim.o(i.TIM_Intial) refers to misc.o(i.NVIC_PriorityGroupConfig) for NVIC_PriorityGroupConfig
    tim.o(i.TIM_Intial) refers to misc.o(i.NVIC_Init) for NVIC_Init
    tim.o(i.TIM_Intial) refers to n32g45x_tim.o(i.TIM_ConfigInt) for TIM_ConfigInt
    tim.o(i.TIM_Intial) refers to n32g45x_tim.o(i.TIM_Enable) for TIM_Enable
[...]
    Removing n32g45x_dma.o(i.DMA_GetCurrDataCounter), (8 bytes).
    Removing n32g45x_dma.o(i.DMA_GetFlagStatus), (24 bytes).
    Removing n32g45x_dma.o(i.DMA_GetIntStatus), (24 bytes).
    Removing n32g45x_dma.o(i.DMA_Init), (60 bytes).
    Removing n32g45x_dma.o(i.DMA_RequestRemap), (22 bytes).
    Removing n32g45x_dma.o(i.DMA_SetCurrDataCounter), (4 bytes).
    Removing n32g45x_dma.o(i.DMA_StructInit), (26 bytes).
    Removing n32g45x_dvp.o(.rev16_text), (4 bytes).
    Removing n32g45x_dvp.o(.revsh_text), (4 bytes).
    Removing n32g45x_dvp.o(.rrx_text), (6 bytes).
    Removing n32g45x_dvp.o(i.DVP_ConfigDma), (60 bytes).
    Removing n32g45x_dvp.o(i.DVP_DafaultInitParam), (42 bytes).
    Removing n32g45x_dvp.o(i.DVP_GetFifoCount), (28 bytes).
    Removing n32g45x_dvp.o(i.DVP_Init), (100 bytes).
    Removing n32g45x_dvp.o(i.DVP_ResetFifo), (44 bytes).
    Removing n32g45x_dvp.o(i.DVP_ResetReg), (22 bytes).
    Removing n32g45x_eth.o(.rev16_text), (4 bytes).
    Removing n32g45x_eth.o(.revsh_text), (4 bytes).
    Removing n32g45x_eth.o(.rrx_text), (6 bytes).
    Removing n32g45x_eth.o(i.ETH_ClrDmaFlag), (12 bytes).
    Removing n32g45x_eth.o(i.ETH_ClrDmaIntPendingBit), (12 bytes).
    Removing n32g45x_eth.o(i.ETH_ConfigDmaPtpRxDescInChainMode), (120 bytes).
    Removing n32g45x_eth.o(i.ETH_ConfigDmaPtpTxDescInChainMode), (116 bytes).
    Removing n32g45x_eth.o(i.ETH_ConfigDmaRxDescInChainMode), (80 bytes).
    Removing n32g45x_eth.o(i.ETH_ConfigDmaRxDescInRingMode), (116 bytes).
    Removing n32g45x_eth.o(i.ETH_ConfigDmaTxDescBufSize), (14 bytes).
    Removing n32g45x_eth.o(i.ETH_ConfigDmaTxDescChecksumInsertion), (8 bytes).
    Removing n32g45x_eth.o(i.ETH_ConfigDmaTxDescFrameSegment), (8 bytes).
    Removing n32g45x_eth.o(i.ETH_ConfigDmaTxDescInChainMode), (76 bytes).
    Removing n32g45x_eth.o(i.ETH_ConfigDmaTxDescInRingMode), (104 bytes).
    Removing n32g45x_eth.o(i.ETH_ConfigGpio), (548 bytes).
    Removing n32g45x_eth.o(i.ETH_ConfigMacAddrFilter), (44 bytes).
    Removing n32g45x_eth.o(i.ETH_ConfigMacAddrMaskBytesFilter), (36 bytes).
    Removing n32g45x_eth.o(i.ETH_ConfigPtpUpdateMethod), (36 bytes).
    Removing n32g45x_eth.o(i.ETH_DeInit), (22 bytes).
    Removing n32g45x_eth.o(i.ETH_DropRxPacket), (88 bytes).
    Removing n32g45x_eth.o(i.ETH_EnableBackPressureActivation), (36 bytes).
    Removing n32g45x_eth.o(i.ETH_EnableDmaInt), (32 bytes).
    Removing n32g45x_eth.o(i.ETH_EnableDmaRx), (36 bytes).
    Removing n32g45x_eth.o(i.ETH_EnableDmaRxDescEndOfRing), (22 bytes).
    Removing n32g45x_eth.o(i.ETH_EnableDmaRxDescReceiveInt), (22 bytes).
    Removing n32g45x_eth.o(i.ETH_EnableDmaRxDescSecondAddrChained), (22 bytes).
    Removing n32g45x_eth.o(i.ETH_EnableDmaTx), (36 bytes).
    Removing n32g45x_eth.o(i.ETH_EnableDmaTxDescCrc), (22 bytes).
    Removing n32g45x_eth.o(i.ETH_EnableDmaTxDescEndOfRing), (22 bytes).
    Removing n32g45x_eth.o(i.ETH_EnableDmaTxDescSecondAddrChained), (22 bytes).
    Removing n32g45x_eth.o(i.ETH_EnableDmaTxDescShortFramePadding), (22 bytes).
    Removing n32g45x_eth.o(i.ETH_EnableDmaTxDescTimeStamp), (22 bytes).
    Removing n32g45x_eth.o(i.ETH_EnableDmaTxDescTransmitInt), (22 bytes).
    Removing n32g45x_eth.o(i.ETH_EnableGlobalUnicastWakeUp), (36 bytes).
    Removing n32g45x_eth.o(i.ETH_EnableMacAddrPerfectFilter), (44 bytes).
    Removing n32g45x_eth.o(i.ETH_EnableMacInt), (32 bytes).
    Removing n32g45x_eth.o(i.ETH_EnableMacRx), (36 bytes).
    Removing n32g45x_eth.o(i.ETH_EnableMacTx), (36 bytes).
    Removing n32g45x_eth.o(i.ETH_EnableMagicPacketDetection), (36 bytes).
    Removing n32g45x_eth.o(i.ETH_EnableMmcCounterFreeze), (44 bytes).
    Removing n32g45x_eth.o(i.ETH_EnableMmcCounterRollover), (44 bytes).
    Removing n32g45x_eth.o(i.ETH_EnableMmcInt), (84 bytes).
    Removing n32g45x_eth.o(i.ETH_EnableMmcResetOnRead), (44 bytes).
    Removing n32g45x_eth.o(i.ETH_EnablePhyLoopBack), (52 bytes).
    Removing n32g45x_eth.o(i.ETH_EnablePowerDown), (36 bytes).
    Removing n32g45x_eth.o(i.ETH_EnablePtpTimeStampIntTrigger), (20 bytes).
    Removing n32g45x_eth.o(i.ETH_EnableTxRx), (32 bytes).
    Removing n32g45x_eth.o(i.ETH_EnableWakeUpFrameDetection), (36 bytes).
    Removing n32g45x_eth.o(i.ETH_FlushTxFifo), (20 bytes).
    Removing n32g45x_eth.o(i.ETH_GeneratePauseCtrlFrame), (20 bytes).
    Removing n32g45x_eth.o(i.ETH_GetBufUnavailableMissedFrameCounter), (12 bytes).
    Removing n32g45x_eth.o(i.ETH_GetCurrentRxBufAddr), (12 bytes).
    Removing n32g45x_eth.o(i.ETH_GetCurrentRxDescAddr), (12 bytes).
    Removing n32g45x_eth.o(i.ETH_GetCurrentTxBufAddr), (12 bytes).
    Removing n32g45x_eth.o(i.ETH_GetCurrentTxDescAddr), (12 bytes).
    Removing n32g45x_eth.o(i.ETH_GetDmaFlagStatus), (24 bytes).
    Removing n32g45x_eth.o(i.ETH_GetDmaIntStatus), (24 bytes).
    Removing n32g45x_eth.o(i.ETH_GetDmaOverflowStatus), (24 bytes).
    Removing n32g45x_eth.o(i.ETH_GetDmaRxDescBufSize), (20 bytes).
    Removing n32g45x_eth.o(i.ETH_GetDmaRxDescFlagStatus), (18 bytes).
    Removing n32g45x_eth.o(i.ETH_GetDmaRxDescFrameLen), (10 bytes).
    Removing n32g45x_eth.o(i.ETH_GetDmaTxDescCollisionCount), (10 bytes).
    Removing n32g45x_eth.o(i.ETH_GetDmaTxDescFlagStatus), (18 bytes).
    Removing n32g45x_eth.o(i.ETH_GetFlowCtrlBusyStatus), (24 bytes).
    Removing n32g45x_eth.o(i.ETH_GetFlushTxFifoStatus), (24 bytes).
    Removing n32g45x_eth.o(i.ETH_GetMacAddr), (40 bytes).
    Removing n32g45x_eth.o(i.ETH_GetMacFlagStatus), (24 bytes).
    Removing n32g45x_eth.o(i.ETH_GetMacIntStatus), (24 bytes).
    Removing n32g45x_eth.o(i.ETH_GetMmcIntStatus), (68 bytes).
    Removing n32g45x_eth.o(i.ETH_GetMmcRegisterValue), (12 bytes).
    Removing n32g45x_eth.o(i.ETH_GetPmtFlagStatus), (24 bytes).
    Removing n32g45x_eth.o(i.ETH_GetPtpFlagStatus), (24 bytes).
    Removing n32g45x_eth.o(i.ETH_GetPtpRegisterValue), (12 bytes).
    Removing n32g45x_eth.o(i.ETH_GetRxOverflowMissedFrameCounter), (16 bytes).
    Removing n32g45x_eth.o(i.ETH_GetRxPacketSize), (72 bytes).
    Removing n32g45x_eth.o(i.ETH_GetRxProcState), (16 bytes).
    Removing n32g45x_eth.o(i.ETH_GetSoftwareResetStatus), (24 bytes).
    Removing n32g45x_eth.o(i.ETH_GetTxProcState), (16 bytes).
    Removing n32g45x_eth.o(i.ETH_Init), (404 bytes).
    Removing n32g45x_eth.o(i.ETH_InitPtpTimeStamp), (20 bytes).
    Removing n32g45x_eth.o(i.ETH_InitStruct), (168 bytes).
    Removing n32g45x_eth.o(i.ETH_ReadPhyRegister), (108 bytes).
    Removing n32g45x_eth.o(i.ETH_ResetMmcCounters), (24 bytes).
    Removing n32g45x_eth.o(i.ETH_ResetWakeUpFrameFilter), (20 bytes).
    Removing n32g45x_eth.o(i.ETH_ResumeDmaRx), (12 bytes).
    Removing n32g45x_eth.o(i.ETH_ResumeDmaTx), (12 bytes).
    Removing n32g45x_eth.o(i.ETH_RxPacket), (208 bytes).
    Removing n32g45x_eth.o(i.ETH_RxPtpPacket), (260 bytes).
    Removing n32g45x_eth.o(i.ETH_SetDmaRxDescOwn), (10 bytes).
    Removing n32g45x_eth.o(i.ETH_SetDmaTxDescOwn), (10 bytes).
    Removing n32g45x_eth.o(i.ETH_SetMacAddr), (52 bytes).
    Removing n32g45x_eth.o(i.ETH_SetPtpSubSecondInc), (12 bytes).
    Removing n32g45x_eth.o(i.ETH_SetPtpTargetTime), (16 bytes).
    Removing n32g45x_eth.o(i.ETH_SetPtpTimeStampAddend), (12 bytes).
    Removing n32g45x_eth.o(i.ETH_SetPtpTimeStampUpdate), (24 bytes).
    Removing n32g45x_eth.o(i.ETH_SetWakeUpFrameFilter), (28 bytes).
    Removing n32g45x_eth.o(i.ETH_SoftwareReset), (20 bytes).
    Removing n32g45x_eth.o(i.ETH_StartPTPTimeStamp), (36 bytes).
    Removing n32g45x_eth.o(i.ETH_TxPacket), (256 bytes).
    Removing n32g45x_eth.o(i.ETH_TxPtpPacket), (344 bytes).
    Removing n32g45x_eth.o(i.ETH_UpdatePtpTimeStamp), (20 bytes).
    Removing n32g45x_eth.o(i.ETH_UpdatePtpTimeStampAddend), (20 bytes).
    Removing n32g45x_eth.o(i.ETH_WritePhyRegister), (104 bytes).
    Removing n32g45x_eth.o(.data), (16 bytes).
    Removing n32g45x_exti.o(.rev16_text), (4 bytes).
    Removing n32g45x_exti.o(.revsh_text), (4 bytes).
    Removing n32g45x_exti.o(.rrx_text), (6 bytes).
    Removing n32g45x_exti.o(i.EXTI_ClrITPendBit), (12 bytes).
    Removing n32g45x_exti.o(i.EXTI_ClrStatusFlag), (12 bytes).
    Removing n32g45x_exti.o(i.EXTI_DeInit), (36 bytes).
    Removing n32g45x_exti.o(i.EXTI_GetITStatus), (40 bytes).
    Removing n32g45x_exti.o(i.EXTI_GetStatusFlag), (24 bytes).
    Removing n32g45x_exti.o(i.EXTI_InitPeripheral), (148 bytes).
    Removing n32g45x_exti.o(i.EXTI_InitStruct), (16 bytes).
    Removing n32g45x_exti.o(i.EXTI_RTCTimeStampSel), (28 bytes).
    Removing n32g45x_exti.o(i.EXTI_TriggerSWInt), (16 bytes).
    Removing n32g45x_flash.o(.rev16_text), (4 bytes).
    Removing n32g45x_flash.o(.revsh_text), (4 bytes).
    Removing n32g45x_flash.o(.rrx_text), (6 bytes).
    Removing n32g45x_flash.o(i.FLASH_ClearFlag), (16 bytes).
    Removing n32g45x_flash.o(i.FLASH_ConfigUserOB), (228 bytes).
    Removing n32g45x_flash.o(i.FLASH_EnWriteProtection), (196 bytes).
    Removing n32g45x_flash.o(i.FLASH_EraseOB), (200 bytes).
    Removing n32g45x_flash.o(i.FLASH_EraseOnePage), (84 bytes).
    Removing n32g45x_flash.o(i.FLASH_GetFlagSTS), (48 bytes).
    Removing n32g45x_flash.o(i.FLASH_GetPrefetchBufSTS), (24 bytes).
    Removing n32g45x_flash.o(i.FLASH_GetReadOutProtectionL2STS), (24 bytes).
    Removing n32g45x_flash.o(i.FLASH_GetReadOutProtectionSTS), (24 bytes).
    Removing n32g45x_flash.o(i.FLASH_GetSMPSELStatus), (24 bytes).
    Removing n32g45x_flash.o(i.FLASH_GetSTS), (80 bytes).
    Removing n32g45x_flash.o(i.FLASH_GetUserOB), (16 bytes).
    Removing n32g45x_flash.o(i.FLASH_GetWriteProtectionOB), (12 bytes).
    Removing n32g45x_flash.o(i.FLASH_INTConfig), (32 bytes).
    Removing n32g45x_flash.o(i.FLASH_Lock), (20 bytes).
    Removing n32g45x_flash.o(i.FLASH_MassErase), (80 bytes).
    Removing n32g45x_flash.o(i.FLASH_PrefetchBufSet), (28 bytes).
    Removing n32g45x_flash.o(i.FLASH_ProgramOBData), (108 bytes).
    Removing n32g45x_flash.o(i.FLASH_ProgramWord), (92 bytes).
    Removing n32g45x_flash.o(i.FLASH_ReadOutProtectionL1), (212 bytes).
    Removing n32g45x_flash.o(i.FLASH_ReadOutProtectionL2_ENABLE), (236 bytes).
    Removing n32g45x_flash.o(i.FLASH_SetLatency), (24 bytes).
    Removing n32g45x_flash.o(i.FLASH_SetSMPSELStatus), (28 bytes).
    Removing n32g45x_flash.o(i.FLASH_Unlock), (24 bytes).
    Removing n32g45x_flash.o(i.FLASH_WaitForLastOpt), (38 bytes).
    Removing n32g45x_flash.o(i.FLASH_iCacheCmd), (28 bytes).
    Removing n32g45x_flash.o(i.FLASH_iCacheRST), (20 bytes).
    Removing n32g45x_gpio.o(.rev16_text), (4 bytes).
    Removing n32g45x_gpio.o(.revsh_text), (4 bytes).
    Removing n32g45x_gpio.o(.rrx_text), (6 bytes).
    Removing n32g45x_gpio.o(i.GPIO_AFIOInitDefault), (20 bytes).
    Removing n32g45x_gpio.o(i.GPIO_ConfigEXTILine), (64 bytes).
    Removing n32g45x_gpio.o(i.GPIO_ConfigEventOutput), (32 bytes).
    Removing n32g45x_gpio.o(i.GPIO_ConfigPinLock), (18 bytes).
    Removing n32g45x_gpio.o(i.GPIO_ConfigPinRemap), (564 bytes).
    Removing n32g45x_gpio.o(i.GPIO_CtrlEventOutput), (12 bytes).
    Removing n32g45x_gpio.o(i.GPIO_DeInit), (200 bytes).
    Removing n32g45x_gpio.o(i.GPIO_ETH_ConfigMediaInterface), (28 bytes).
    Removing n32g45x_gpio.o(i.GPIO_InitStruct), (16 bytes).
    Removing n32g45x_gpio.o(i.GPIO_ReadInputData), (8 bytes).
    Removing n32g45x_gpio.o(i.GPIO_ReadInputDataBit), (18 bytes).
    Removing n32g45x_gpio.o(i.GPIO_ReadOutputData), (8 bytes).
    Removing n32g45x_gpio.o(i.GPIO_ReadOutputDataBit), (18 bytes).
    Removing n32g45x_gpio.o(i.GPIO_SetBitsHigh16), (4 bytes).
    Removing n32g45x_gpio.o(i.GPIO_Write), (4 bytes).
    Removing n32g45x_gpio.o(i.GPIO_WriteBit), (10 bytes).
    Removing n32g45x_i2c.o(.rev16_text), (4 bytes).
    Removing n32g45x_i2c.o(.revsh_text), (4 bytes).
    Removing n32g45x_i2c.o(.rrx_text), (6 bytes).
    Removing n32g45x_i2c.o(i.I2C_CheckEvent), (42 bytes).
    Removing n32g45x_i2c.o(i.I2C_ClrFlag), (12 bytes).
    Removing n32g45x_i2c.o(i.I2C_ClrIntPendingBit), (12 bytes).
    Removing n32g45x_i2c.o(i.I2C_ComputePec), (24 bytes).
    Removing n32g45x_i2c.o(i.I2C_ConfigAck), (24 bytes).
    Removing n32g45x_i2c.o(i.I2C_ConfigFastModeDutyCycle), (28 bytes).
    Removing n32g45x_i2c.o(i.I2C_ConfigInt), (18 bytes).
    Removing n32g45x_i2c.o(i.I2C_ConfigNackLocation), (28 bytes).
    Removing n32g45x_i2c.o(i.I2C_ConfigOwnAddr2), (22 bytes).
    Removing n32g45x_i2c.o(i.I2C_ConfigPecLocation), (28 bytes).
    Removing n32g45x_i2c.o(i.I2C_ConfigSmbusAlert), (28 bytes).
    Removing n32g45x_i2c.o(i.I2C_DeInit), (56 bytes).
    Removing n32g45x_i2c.o(i.I2C_Enable), (24 bytes).
    Removing n32g45x_i2c.o(i.I2C_EnableArp), (24 bytes).
    Removing n32g45x_i2c.o(i.I2C_EnableDMA), (24 bytes).
    Removing n32g45x_i2c.o(i.I2C_EnableDmaLastSend), (24 bytes).
    Removing n32g45x_i2c.o(i.I2C_EnableDualAddr), (24 bytes).
    Removing n32g45x_i2c.o(i.I2C_EnableExtendClk), (24 bytes).
    Removing n32g45x_i2c.o(i.I2C_EnableGeneralCall), (24 bytes).
    Removing n32g45x_i2c.o(i.I2C_EnableSoftwareReset), (22 bytes).
    Removing n32g45x_i2c.o(i.I2C_GenerateStart), (24 bytes).
    Removing n32g45x_i2c.o(i.I2C_GenerateStop), (24 bytes).
    Removing n32g45x_i2c.o(i.I2C_GetFlag), (58 bytes).
    Removing n32g45x_i2c.o(i.I2C_GetIntStatus), (38 bytes).
    Removing n32g45x_i2c.o(i.I2C_GetLastEvent), (26 bytes).
    Removing n32g45x_i2c.o(i.I2C_GetPec), (8 bytes).
    Removing n32g45x_i2c.o(i.I2C_GetRegister), (22 bytes).
    Removing n32g45x_i2c.o(i.I2C_Init), (292 bytes).
    Removing n32g45x_i2c.o(i.I2C_InitStruct), (30 bytes).
    Removing n32g45x_i2c.o(i.I2C_RecvData), (8 bytes).
    Removing n32g45x_i2c.o(i.I2C_SendAddr7bit), (18 bytes).
    Removing n32g45x_i2c.o(i.I2C_SendData), (4 bytes).
    Removing n32g45x_i2c.o(i.I2C_SendPEC), (24 bytes).
    Removing n32g45x_iwdg.o(.rev16_text), (4 bytes).
    Removing n32g45x_iwdg.o(.revsh_text), (4 bytes).
    Removing n32g45x_iwdg.o(.rrx_text), (6 bytes).
    Removing n32g45x_iwdg.o(i.IWDG_CntReload), (12 bytes).
    Removing n32g45x_iwdg.o(i.IWDG_Enable), (16 bytes).
    Removing n32g45x_iwdg.o(i.IWDG_GetStatus), (24 bytes).
    Removing n32g45x_iwdg.o(i.IWDG_ReloadKey), (16 bytes).
    Removing n32g45x_iwdg.o(i.IWDG_SetPrescalerDiv), (12 bytes).
    Removing n32g45x_iwdg.o(i.IWDG_WriteConfig), (12 bytes).
    Removing n32g45x_opamp.o(.rev16_text), (4 bytes).
    Removing n32g45x_opamp.o(.revsh_text), (4 bytes).
    Removing n32g45x_opamp.o(.rrx_text), (6 bytes).
    Removing n32g45x_opamp.o(i.OPAMP_CalibrationEnable), (36 bytes).
    Removing n32g45x_opamp.o(i.OPAMP_DeInit), (22 bytes).
    Removing n32g45x_opamp.o(i.OPAMP_Enable), (36 bytes).
    Removing n32g45x_opamp.o(i.OPAMP_Init), (96 bytes).
    Removing n32g45x_opamp.o(i.OPAMP_IsCalOutHigh), (20 bytes).
    Removing n32g45x_opamp.o(i.OPAMP_SetLock), (12 bytes).
    Removing n32g45x_opamp.o(i.OPAMP_SetPgaGain), (32 bytes).
    Removing n32g45x_opamp.o(i.OPAMP_SetVmSecondSel), (32 bytes).
    Removing n32g45x_opamp.o(i.OPAMP_SetVmSel), (32 bytes).
    Removing n32g45x_opamp.o(i.OPAMP_SetVpSecondSel), (32 bytes).
    Removing n32g45x_opamp.o(i.OPAMP_SetVpSel), (32 bytes).
    Removing n32g45x_opamp.o(i.OPAMP_StructInit), (18 bytes).
    Removing n32g45x_pwr.o(.rev16_text), (4 bytes).
    Removing n32g45x_pwr.o(.revsh_text), (4 bytes).
    Removing n32g45x_pwr.o(.rrx_text), (6 bytes).
    Removing n32g45x_pwr.o(i.PWR_BackupAccessEnable), (12 bytes).
    Removing n32g45x_pwr.o(i.PWR_ClearFlag), (20 bytes).
    Removing n32g45x_pwr.o(i.PWR_DeInit), (22 bytes).
    Removing n32g45x_pwr.o(i.PWR_EnterSLEEPMode), (64 bytes).
    Removing n32g45x_pwr.o(i.PWR_EnterSTOP2Mode), (72 bytes).
    Removing n32g45x_pwr.o(i.PWR_EnterStandbyState), (60 bytes).
    Removing n32g45x_pwr.o(i.PWR_EnterStopState), (68 bytes).
    Removing n32g45x_pwr.o(i.PWR_GetFlagStatus), (24 bytes).
    Removing n32g45x_pwr.o(i.PWR_PvdEnable), (12 bytes).
    Removing n32g45x_pwr.o(i.PWR_PvdRangeConfig), (24 bytes).
    Removing n32g45x_pwr.o(i.PWR_WakeUpPinEnable), (12 bytes).
    Removing n32g45x_qspi.o(.rev16_text), (4 bytes).
    Removing n32g45x_qspi.o(.revsh_text), (4 bytes).
    Removing n32g45x_qspi.o(.rrx_text), (6 bytes).
    Removing n32g45x_qspi.o(i.ClrFifo), (32 bytes).
    Removing n32g45x_qspi.o(i.GetFifoData), (36 bytes).
    Removing n32g45x_qspi.o(i.GetQspiBusyStatus), (24 bytes).
    Removing n32g45x_qspi.o(i.GetQspiDataConflictErrorStatus), (24 bytes).
    Removing n32g45x_qspi.o(i.GetQspiRxDataFullStatus), (24 bytes).
    Removing n32g45x_qspi.o(i.GetQspiRxHaveDataStatus), (24 bytes).
    Removing n32g45x_qspi.o(i.GetQspiTransmitErrorStatus), (24 bytes).
    Removing n32g45x_qspi.o(i.GetQspiTxDataBusyStatus), (24 bytes).
    Removing n32g45x_qspi.o(i.GetQspiTxDataEmptyStatus), (24 bytes).
    Removing n32g45x_qspi.o(i.QSPI_ClearITFLAG), (72 bytes).
    Removing n32g45x_qspi.o(i.QSPI_Cmd), (40 bytes).
    Removing n32g45x_qspi.o(i.QSPI_DMA_CTRL_Config), (52 bytes).
    Removing n32g45x_qspi.o(i.QSPI_DeInit), (22 bytes).
    Removing n32g45x_qspi.o(i.QSPI_GPIO), (516 bytes).
    Removing n32g45x_qspi.o(i.QSPI_GetITStatus), (28 bytes).
    Removing n32g45x_qspi.o(i.QSPI_SingleGpioConfig), (32 bytes).
    Removing n32g45x_qspi.o(i.QSPI_XIP_ClearITFLAG), (24 bytes).
    Removing n32g45x_qspi.o(i.QSPI_XIP_Cmd), (36 bytes).
    Removing n32g45x_qspi.o(i.QspiGetDataPointer), (8 bytes).
    Removing n32g45x_qspi.o(i.QspiInitConfig), (356 bytes).
    Removing n32g45x_qspi.o(i.QspiReadRxFifoNum), (12 bytes).
    Removing n32g45x_qspi.o(i.QspiReadWord), (12 bytes).
    Removing n32g45x_qspi.o(i.QspiSendAndGetWords), (92 bytes).
    Removing n32g45x_qspi.o(i.QspiSendWord), (12 bytes).
    Removing n32g45x_qspi.o(i.QspiSendWordAndGetWords), (58 bytes).
    Removing n32g45x_rcc.o(.rev16_text), (4 bytes).
    Removing n32g45x_rcc.o(.revsh_text), (4 bytes).
    Removing n32g45x_rcc.o(.rrx_text), (6 bytes).
    Removing n32g45x_rcc.o(i.RCC_ClrFlag), (28 bytes).
    Removing n32g45x_rcc.o(i.RCC_ClrIntPendingBit), (12 bytes).
    Removing n32g45x_rcc.o(i.RCC_ConfigAdc1mClk), (28 bytes).
    Removing n32g45x_rcc.o(i.RCC_ConfigAdcHclk), (24 bytes).
    Removing n32g45x_rcc.o(i.RCC_ConfigAdcPllClk), (36 bytes).
    Removing n32g45x_rcc.o(i.RCC_ConfigHclk), (24 bytes).
    Removing n32g45x_rcc.o(i.RCC_ConfigHse), (76 bytes).
    Removing n32g45x_rcc.o(i.RCC_ConfigInt), (32 bytes).
    Removing n32g45x_rcc.o(i.RCC_ConfigLse), (52 bytes).
    Removing n32g45x_rcc.o(i.RCC_ConfigMco), (24 bytes).
    Removing n32g45x_rcc.o(i.RCC_ConfigMcoPllClk), (24 bytes).
    Removing n32g45x_rcc.o(i.RCC_ConfigPclk1), (24 bytes).
    Removing n32g45x_rcc.o(i.RCC_ConfigPclk2), (24 bytes).
    Removing n32g45x_rcc.o(i.RCC_ConfigPll), (32 bytes).
    Removing n32g45x_rcc.o(i.RCC_ConfigRngcClk), (24 bytes).
    Removing n32g45x_rcc.o(i.RCC_ConfigRtcClk), (28 bytes).
    Removing n32g45x_rcc.o(i.RCC_ConfigSysclk), (24 bytes).
    Removing n32g45x_rcc.o(i.RCC_ConfigTim18Clk), (24 bytes).
    Removing n32g45x_rcc.o(i.RCC_ConfigTrng1mClk), (28 bytes).
    Removing n32g45x_rcc.o(i.RCC_ConfigUsbClk), (20 bytes).
    Removing n32g45x_rcc.o(i.RCC_DeInit), (92 bytes).
    Removing n32g45x_rcc.o(i.RCC_EnableAHBPeriphClk), (32 bytes).
    Removing n32g45x_rcc.o(i.RCC_EnableAHBPeriphReset), (32 bytes).
    Removing n32g45x_rcc.o(i.RCC_EnableAPB1PeriphReset), (32 bytes).
    Removing n32g45x_rcc.o(i.RCC_EnableAPB2PeriphReset), (32 bytes).
    Removing n32g45x_rcc.o(i.RCC_EnableBORReset), (36 bytes).
    Removing n32g45x_rcc.o(i.RCC_EnableBackupReset), (12 bytes).
    Removing n32g45x_rcc.o(i.RCC_EnableClockSecuritySystem), (12 bytes).
    Removing n32g45x_rcc.o(i.RCC_EnableHsi), (12 bytes).
    Removing n32g45x_rcc.o(i.RCC_EnableLsi), (12 bytes).
    Removing n32g45x_rcc.o(i.RCC_EnablePll), (12 bytes).
    Removing n32g45x_rcc.o(i.RCC_EnableRtcClk), (12 bytes).
    Removing n32g45x_rcc.o(i.RCC_EnableTrng1mClk), (36 bytes).
    Removing n32g45x_rcc.o(i.RCC_GetFlagStatus), (60 bytes).
    Removing n32g45x_rcc.o(i.RCC_GetIntStatus), (24 bytes).
    Removing n32g45x_rcc.o(i.RCC_GetSysclkSrc), (16 bytes).
    Removing n32g45x_rcc.o(i.RCC_SetHsiCalibValue), (24 bytes).
    Removing n32g45x_rcc.o(i.RCC_WaitHseStable), (56 bytes).
    Removing n32g45x_rtc.o(.rev16_text), (4 bytes).
    Removing n32g45x_rtc.o(.revsh_text), (4 bytes).
    Removing n32g45x_rtc.o(.rrx_text), (6 bytes).
    Removing n32g45x_rtc.o(i.RTC_AlarmStructInit), (22 bytes).
    Removing n32g45x_rtc.o(i.RTC_Bcd2ToByte), (22 bytes).
    Removing n32g45x_rtc.o(i.RTC_ByteToBcd2), (28 bytes).
    Removing n32g45x_rtc.o(i.RTC_ClrFlag), (36 bytes).
    Removing n32g45x_rtc.o(i.RTC_ClrIntPendingBit), (32 bytes).
    Removing n32g45x_rtc.o(i.RTC_ConfigAlarmSubSecond), (52 bytes).
    Removing n32g45x_rtc.o(i.RTC_ConfigCalibOutput), (48 bytes).
    Removing n32g45x_rtc.o(i.RTC_ConfigDayLightSaving), (60 bytes).
    Removing n32g45x_rtc.o(i.RTC_ConfigInt), (56 bytes).
    Removing n32g45x_rtc.o(i.RTC_ConfigOutput), (60 bytes).
    Removing n32g45x_rtc.o(i.RTC_ConfigOutputType), (28 bytes).
    Removing n32g45x_rtc.o(i.RTC_ConfigSmoothCalib), (96 bytes).
    Removing n32g45x_rtc.o(i.RTC_ConfigSynchroShift), (108 bytes).
    Removing n32g45x_rtc.o(i.RTC_ConfigTime), (212 bytes).
    Removing n32g45x_rtc.o(i.RTC_ConfigWakeUpClock), (48 bytes).
    Removing n32g45x_rtc.o(i.RTC_DateStructInit), (14 bytes).
    Removing n32g45x_rtc.o(i.RTC_DeInit), (224 bytes).
    Removing n32g45x_rtc.o(i.RTC_EnableAlarm), (116 bytes).
    Removing n32g45x_rtc.o(i.RTC_EnableBypassShadow), (60 bytes).
    Removing n32g45x_rtc.o(i.RTC_EnableCalibOutput), (60 bytes).
    Removing n32g45x_rtc.o(i.RTC_EnableTimeStamp), (56 bytes).
    Removing n32g45x_rtc.o(i.RTC_EnableWakeUp), (120 bytes).
    Removing n32g45x_rtc.o(i.RTC_EnableWakeUpTsc), (60 bytes).
    Removing n32g45x_rtc.o(i.RTC_EnableWriteProtection), (28 bytes).
    Removing n32g45x_rtc.o(i.RTC_EnterInitMode), (80 bytes).
    Removing n32g45x_rtc.o(i.RTC_ExitInitMode), (20 bytes).
    Removing n32g45x_rtc.o(i.RTC_GetAlarm), (116 bytes).
    Removing n32g45x_rtc.o(i.RTC_GetAlarmSubSecond), (36 bytes).
    Removing n32g45x_rtc.o(i.RTC_GetDate), (76 bytes).
    Removing n32g45x_rtc.o(i.RTC_GetFlagStatus), (40 bytes).
    Removing n32g45x_rtc.o(i.RTC_GetITStatus), (48 bytes).
    Removing n32g45x_rtc.o(i.RTC_GetStoreOperation), (16 bytes).
    Removing n32g45x_rtc.o(i.RTC_GetSubSecond), (12 bytes).
    Removing n32g45x_rtc.o(i.RTC_GetTime), (80 bytes).
    Removing n32g45x_rtc.o(i.RTC_GetTimeStamp), (156 bytes).
    Removing n32g45x_rtc.o(i.RTC_GetTimeStampSubSecond), (12 bytes).
    Removing n32g45x_rtc.o(i.RTC_GetWakeUpCounter), (12 bytes).
    Removing n32g45x_rtc.o(i.RTC_Init), (116 bytes).
    Removing n32g45x_rtc.o(i.RTC_SetAlarm), (236 bytes).
    Removing n32g45x_rtc.o(i.RTC_SetDate), (204 bytes).
    Removing n32g45x_rtc.o(i.RTC_SetWakeUpCounter), (28 bytes).
    Removing n32g45x_rtc.o(i.RTC_StructInit), (14 bytes).
    Removing n32g45x_rtc.o(i.RTC_TimeStructInit), (12 bytes).
    Removing n32g45x_rtc.o(i.RTC_WaitForSynchro), (96 bytes).
    Removing n32g45x_sdio.o(.rev16_text), (4 bytes).
    Removing n32g45x_sdio.o(.revsh_text), (4 bytes).
    Removing n32g45x_sdio.o(.rrx_text), (6 bytes).
    Removing n32g45x_sdio.o(i.SDIO_ClrFlag), (12 bytes).
    Removing n32g45x_sdio.o(i.SDIO_ClrIntPendingBit), (12 bytes).
    Removing n32g45x_sdio.o(i.SDIO_ConfigData), (60 bytes).
    Removing n32g45x_sdio.o(i.SDIO_ConfigInt), (32 bytes).
    Removing n32g45x_sdio.o(i.SDIO_DMACmd), (12 bytes).
    Removing n32g45x_sdio.o(i.SDIO_DeInit), (36 bytes).
    Removing n32g45x_sdio.o(i.SDIO_DisableReadWait), (12 bytes).
    Removing n32g45x_sdio.o(i.SDIO_EnableCEATAInt), (16 bytes).
    Removing n32g45x_sdio.o(i.SDIO_EnableClock), (12 bytes).
    Removing n32g45x_sdio.o(i.SDIO_EnableCommandCompletion), (12 bytes).
    Removing n32g45x_sdio.o(i.SDIO_EnableReadWait), (12 bytes).
    Removing n32g45x_sdio.o(i.SDIO_EnableSdioOperation), (12 bytes).
    Removing n32g45x_sdio.o(i.SDIO_EnableSdioReadWaitMode), (12 bytes).
    Removing n32g45x_sdio.o(i.SDIO_EnableSendCEATA), (12 bytes).
    Removing n32g45x_sdio.o(i.SDIO_EnableSendSdioSuspend), (12 bytes).
    Removing n32g45x_sdio.o(i.SDIO_GetCmdResp), (12 bytes).
    Removing n32g45x_sdio.o(i.SDIO_GetDataCountValue), (12 bytes).
    Removing n32g45x_sdio.o(i.SDIO_GetFifoCounter), (12 bytes).
    Removing n32g45x_sdio.o(i.SDIO_GetFlag), (24 bytes).
    Removing n32g45x_sdio.o(i.SDIO_GetIntStatus), (24 bytes).
    Removing n32g45x_sdio.o(i.SDIO_GetPower), (16 bytes).
    Removing n32g45x_sdio.o(i.SDIO_GetResp), (24 bytes).
    Removing n32g45x_sdio.o(i.SDIO_Init), (48 bytes).
    Removing n32g45x_sdio.o(i.SDIO_InitCmdStruct), (14 bytes).
    Removing n32g45x_sdio.o(i.SDIO_InitDataStruct), (20 bytes).
    Removing n32g45x_sdio.o(i.SDIO_InitStruct), (16 bytes).
    Removing n32g45x_sdio.o(i.SDIO_ReadData), (12 bytes).
    Removing n32g45x_sdio.o(i.SDIO_SendCmd), (44 bytes).
    Removing n32g45x_sdio.o(i.SDIO_SetPower), (28 bytes).
    Removing n32g45x_sdio.o(i.SDIO_WriteData), (12 bytes).
    Removing n32g45x_spi.o(.rev16_text), (4 bytes).
    Removing n32g45x_spi.o(.revsh_text), (4 bytes).
    Removing n32g45x_spi.o(.rrx_text), (6 bytes).
    Removing n32g45x_spi.o(i.I2S_Enable), (24 bytes).
    Removing n32g45x_spi.o(i.I2S_Init), (232 bytes).
    Removing n32g45x_spi.o(i.I2S_InitStruct), (20 bytes).
    Removing n32g45x_spi.o(i.SPI_ConfigBidirectionalMode), (28 bytes).
    Removing n32g45x_spi.o(i.SPI_ConfigDataLen), (18 bytes).
    Removing n32g45x_spi.o(i.SPI_Enable), (24 bytes).
    Removing n32g45x_spi.o(i.SPI_EnableCalculateCrc), (24 bytes).
    Removing n32g45x_spi.o(i.SPI_GetCRCDat), (16 bytes).
    Removing n32g45x_spi.o(i.SPI_GetCRCPoly), (6 bytes).
    Removing n32g45x_spi.o(i.SPI_I2S_ClrCRCErrFlag), (6 bytes).
    Removing n32g45x_spi.o(i.SPI_I2S_ClrITPendingBit), (20 bytes).
    Removing n32g45x_spi.o(i.SPI_I2S_DeInit), (88 bytes).
    Removing n32g45x_spi.o(i.SPI_I2S_EnableDma), (18 bytes).
    Removing n32g45x_spi.o(i.SPI_I2S_EnableInt), (32 bytes).
    Removing n32g45x_spi.o(i.SPI_I2S_GetIntStatus), (52 bytes).
    Removing n32g45x_spi.o(i.SPI_I2S_GetStatus), (18 bytes).
    Removing n32g45x_spi.o(i.SPI_I2S_ReceiveData), (6 bytes).
    Removing n32g45x_spi.o(i.SPI_I2S_TransmitData), (4 bytes).
    Removing n32g45x_spi.o(i.SPI_Init), (60 bytes).
    Removing n32g45x_spi.o(i.SPI_InitStruct), (24 bytes).
    Removing n32g45x_spi.o(i.SPI_SSOutputEnable), (24 bytes).
    Removing n32g45x_spi.o(i.SPI_SetNssLevel), (30 bytes).
    Removing n32g45x_spi.o(i.SPI_TransmitCrcNext), (10 bytes).
    Removing n32g45x_tim.o(.rev16_text), (4 bytes).
    Removing n32g45x_tim.o(.revsh_text), (4 bytes).
    Removing n32g45x_tim.o(.rrx_text), (6 bytes).
    Removing n32g45x_tim.o(i.ConfigTI1), (124 bytes).
    Removing n32g45x_tim.o(i.ConfigTI2), (136 bytes).
    Removing n32g45x_tim.o(i.ConfigTI3), (128 bytes).
    Removing n32g45x_tim.o(i.ConfigTI4), (136 bytes).
    Removing n32g45x_tim.o(i.TIM_ClearFlag), (6 bytes).
    Removing n32g45x_tim.o(i.TIM_ClrIntPendingBit), (6 bytes).
    Removing n32g45x_tim.o(i.TIM_ClrOc1Ref), (18 bytes).
    Removing n32g45x_tim.o(i.TIM_ClrOc2Ref), (24 bytes).
    Removing n32g45x_tim.o(i.TIM_ClrOc3Ref), (18 bytes).
    Removing n32g45x_tim.o(i.TIM_ClrOc4Ref), (24 bytes).
    Removing n32g45x_tim.o(i.TIM_ClrOc5Ref), (22 bytes).
    Removing n32g45x_tim.o(i.TIM_ClrOc6Ref), (28 bytes).
    Removing n32g45x_tim.o(i.TIM_ConfigArPreload), (22 bytes).
    Removing n32g45x_tim.o(i.TIM_ConfigCntMode), (16 bytes).
    Removing n32g45x_tim.o(i.TIM_ConfigDma), (10 bytes).
    Removing n32g45x_tim.o(i.TIM_ConfigEncoderInterface), (64 bytes).
    Removing n32g45x_tim.o(i.TIM_ConfigExtClkMode1), (54 bytes).
    Removing n32g45x_tim.o(i.TIM_ConfigExtClkMode2), (32 bytes).
    Removing n32g45x_tim.o(i.TIM_ConfigExtTrig), (28 bytes).
    Removing n32g45x_tim.o(i.TIM_ConfigExtTrigAsClk), (62 bytes).
    Removing n32g45x_tim.o(i.TIM_ConfigForcedOc1), (18 bytes).
    Removing n32g45x_tim.o(i.TIM_ConfigForcedOc2), (26 bytes).
    Removing n32g45x_tim.o(i.TIM_ConfigForcedOc3), (18 bytes).
    Removing n32g45x_tim.o(i.TIM_ConfigForcedOc4), (26 bytes).
    Removing n32g45x_tim.o(i.TIM_ConfigForcedOc5), (22 bytes).
    Removing n32g45x_tim.o(i.TIM_ConfigForcedOc6), (30 bytes).
    Removing n32g45x_tim.o(i.TIM_ConfigInternalClk), (12 bytes).
    Removing n32g45x_tim.o(i.TIM_ConfigInternalTrigToExt), (24 bytes).
    Removing n32g45x_tim.o(i.TIM_ConfigOc1Fast), (18 bytes).
    Removing n32g45x_tim.o(i.TIM_ConfigOc1NPolarity), (16 bytes).
    Removing n32g45x_tim.o(i.TIM_ConfigOc1Polarity), (16 bytes).
    Removing n32g45x_tim.o(i.TIM_ConfigOc1Preload), (18 bytes).
    Removing n32g45x_tim.o(i.TIM_ConfigOc2Fast), (26 bytes).
    Removing n32g45x_tim.o(i.TIM_ConfigOc2NPolarity), (18 bytes).
    Removing n32g45x_tim.o(i.TIM_ConfigOc2Polarity), (18 bytes).
    Removing n32g45x_tim.o(i.TIM_ConfigOc2Preload), (26 bytes).
    Removing n32g45x_tim.o(i.TIM_ConfigOc3Fast), (18 bytes).
    Removing n32g45x_tim.o(i.TIM_ConfigOc3NPolarity), (18 bytes).
    Removing n32g45x_tim.o(i.TIM_ConfigOc3Polarity), (18 bytes).
    Removing n32g45x_tim.o(i.TIM_ConfigOc3Preload), (18 bytes).
    Removing n32g45x_tim.o(i.TIM_ConfigOc4Fast), (26 bytes).
    Removing n32g45x_tim.o(i.TIM_ConfigOc4Polarity), (18 bytes).
    Removing n32g45x_tim.o(i.TIM_ConfigOc4Preload), (26 bytes).
    Removing n32g45x_tim.o(i.TIM_ConfigOc5Fast), (22 bytes).
    Removing n32g45x_tim.o(i.TIM_ConfigOc5Polarity), (18 bytes).
    Removing n32g45x_tim.o(i.TIM_ConfigOc5Preload), (22 bytes).
    Removing n32g45x_tim.o(i.TIM_ConfigOc6Fast), (30 bytes).
    Removing n32g45x_tim.o(i.TIM_ConfigOc6Polarity), (18 bytes).
    Removing n32g45x_tim.o(i.TIM_ConfigOc6Preload), (30 bytes).
    Removing n32g45x_tim.o(i.TIM_ConfigPrescaler), (6 bytes).
    Removing n32g45x_tim.o(i.TIM_ConfigPwmIc), (124 bytes).
    Removing n32g45x_tim.o(i.TIM_ConfigUpdateRequestIntSrc), (22 bytes).
    Removing n32g45x_tim.o(i.TIM_DeInit), (224 bytes).
    Removing n32g45x_tim.o(i.TIM_EnableCapCmpCh), (28 bytes).
    Removing n32g45x_tim.o(i.TIM_EnableCapCmpChN), (28 bytes).
    Removing n32g45x_tim.o(i.TIM_EnableCapCmpPreloadControl), (22 bytes).
    Removing n32g45x_tim.o(i.TIM_EnableDma), (18 bytes).
    Removing n32g45x_tim.o(i.TIM_EnableUpdateEvt), (22 bytes).
    Removing n32g45x_tim.o(i.TIM_GenerateEvent), (4 bytes).
    Removing n32g45x_tim.o(i.TIM_GetAutoReload), (6 bytes).
    Removing n32g45x_tim.o(i.TIM_GetCCENStatus), (88 bytes).
    Removing n32g45x_tim.o(i.TIM_GetCap1), (6 bytes).
    Removing n32g45x_tim.o(i.TIM_GetCap2), (6 bytes).
    Removing n32g45x_tim.o(i.TIM_GetCap3), (6 bytes).
    Removing n32g45x_tim.o(i.TIM_GetCap4), (8 bytes).
    Removing n32g45x_tim.o(i.TIM_GetCap5), (8 bytes).
    Removing n32g45x_tim.o(i.TIM_GetCap6), (8 bytes).
    Removing n32g45x_tim.o(i.TIM_GetCnt), (6 bytes).
    Removing n32g45x_tim.o(i.TIM_GetFlagStatus), (18 bytes).
    Removing n32g45x_tim.o(i.TIM_GetIntStatus), (34 bytes).
    Removing n32g45x_tim.o(i.TIM_GetPrescaler), (6 bytes).
    Removing n32g45x_tim.o(i.TIM_ICInit), (172 bytes).
    Removing n32g45x_tim.o(i.TIM_InitIcStruct), (18 bytes).
    Removing n32g45x_tim.o(i.TIM_InitOc5), (96 bytes).
    Removing n32g45x_tim.o(i.TIM_InitOc6), (104 bytes).
    Removing n32g45x_tim.o(i.TIM_InitOcStruct), (20 bytes).
    Removing n32g45x_tim.o(i.TIM_InitTimBaseStruct), (30 bytes).
    Removing n32g45x_tim.o(i.TIM_SelectCapCmpDmaSrc), (22 bytes).
    Removing n32g45x_tim.o(i.TIM_SelectComEvt), (22 bytes).
    Removing n32g45x_tim.o(i.TIM_SelectExtSignalSource), (16 bytes).
    Removing n32g45x_tim.o(i.TIM_SelectHallSensor), (22 bytes).
    Removing n32g45x_tim.o(i.TIM_SelectInputTrig), (18 bytes).
    Removing n32g45x_tim.o(i.TIM_SelectMasterSlaveMode), (18 bytes).
    Removing n32g45x_tim.o(i.TIM_SelectOcMode), (86 bytes).
    Removing n32g45x_tim.o(i.TIM_SelectOnePulseMode), (16 bytes).
    Removing n32g45x_tim.o(i.TIM_SelectOutputTrig), (16 bytes).
    Removing n32g45x_tim.o(i.TIM_SelectSlaveMode), (18 bytes).
    Removing n32g45x_tim.o(i.TIM_SetAutoReload), (4 bytes).
    Removing n32g45x_tim.o(i.TIM_SetClkDiv), (16 bytes).
    Removing n32g45x_tim.o(i.TIM_SetCmp1), (4 bytes).
    Removing n32g45x_tim.o(i.TIM_SetCmp2), (4 bytes).
    Removing n32g45x_tim.o(i.TIM_SetCmp3), (4 bytes).
    Removing n32g45x_tim.o(i.TIM_SetCmp4), (6 bytes).
    Removing n32g45x_tim.o(i.TIM_SetCmp5), (6 bytes).
    Removing n32g45x_tim.o(i.TIM_SetCmp6), (6 bytes).
    Removing n32g45x_tim.o(i.TIM_SetCnt), (4 bytes).
    Removing n32g45x_tim.o(i.TIM_SetInCap1Prescaler), (18 bytes).
    Removing n32g45x_tim.o(i.TIM_SetInCap2Prescaler), (26 bytes).
    Removing n32g45x_tim.o(i.TIM_SetInCap3Prescaler), (18 bytes).
    Removing n32g45x_tim.o(i.TIM_SetInCap4Prescaler), (26 bytes).
    Removing n32g45x_tsc.o(.rev16_text), (4 bytes).
    Removing n32g45x_tsc.o(.revsh_text), (4 bytes).
    Removing n32g45x_tsc.o(.rrx_text), (6 bytes).
    Removing n32g45x_tsc.o(i.TSC_ClockConfig), (124 bytes).
    Removing n32g45x_tsc.o(i.TSC_Cmd), (100 bytes).
    Removing n32g45x_tsc.o(i.TSC_ConfigInternalResistor), (148 bytes).
    Removing n32g45x_tsc.o(i.TSC_ConfigThreshold), (128 bytes).
    Removing n32g45x_tsc.o(i.TSC_GetChannelCfg), (108 bytes).
    Removing n32g45x_tsc.o(i.TSC_GetStatus), (100 bytes).
    Removing n32g45x_tsc.o(i.TSC_Init), (104 bytes).
    Removing n32g45x_tsc.o(i.TSC_SW_SwtichChn), (228 bytes).
    Removing n32g45x_tsc.o(i.TSC_SetAnaoCfg), (64 bytes).
    Removing n32g45x_tsc.o(i.TSC_SetChannelCfg), (64 bytes).
    Removing n32g45x_usart.o(.rev16_text), (4 bytes).
    Removing n32g45x_usart.o(.revsh_text), (4 bytes).
    Removing n32g45x_usart.o(.rrx_text), (6 bytes).
    Removing n32g45x_usart.o(i.USART_ClockInit), (34 bytes).
    Removing n32g45x_usart.o(i.USART_ClockStructInit), (12 bytes).
    Removing n32g45x_usart.o(i.USART_ClrFlag), (18 bytes).
    Removing n32g45x_usart.o(i.USART_ClrIntPendingBit), (30 bytes).
    Removing n32g45x_usart.o(i.USART_ConfigInt), (74 bytes).
    Removing n32g45x_usart.o(i.USART_ConfigIrDAMode), (18 bytes).
    Removing n32g45x_usart.o(i.USART_ConfigLINBreakDetectLength), (18 bytes).
    Removing n32g45x_usart.o(i.USART_ConfigWakeUpMode), (18 bytes).
    Removing n32g45x_usart.o(i.USART_DeInit), (216 bytes).
    Removing n32g45x_usart.o(i.USART_EnableDMA), (18 bytes).
    Removing n32g45x_usart.o(i.USART_EnableHalfDuplex), (24 bytes).
    Removing n32g45x_usart.o(i.USART_EnableIrDA), (24 bytes).
    Removing n32g45x_usart.o(i.USART_EnableLIN), (24 bytes).
    Removing n32g45x_usart.o(i.USART_EnableRcvWakeUp), (24 bytes).
    Removing n32g45x_usart.o(i.USART_EnableSmartCard), (24 bytes).
    Removing n32g45x_usart.o(i.USART_GetFlagStatus), (26 bytes).
    Removing n32g45x_usart.o(i.USART_GetIntStatus), (84 bytes).
    Removing n32g45x_usart.o(i.USART_ReceiveData), (10 bytes).
    Removing n32g45x_usart.o(i.USART_SendBreak), (10 bytes).
    Removing n32g45x_usart.o(i.USART_SendData), (8 bytes).
    Removing n32g45x_usart.o(i.USART_SetAddr), (18 bytes).
    Removing n32g45x_usart.o(i.USART_SetGuardTime), (16 bytes).
    Removing n32g45x_usart.o(i.USART_SetPrescaler), (16 bytes).
    Removing n32g45x_usart.o(i.USART_SetSmartCardNACK), (24 bytes).
    Removing n32g45x_usart.o(i.USART_StructInit), (24 bytes).
    Removing n32g45x_wwdg.o(.rev16_text), (4 bytes).
    Removing n32g45x_wwdg.o(.revsh_text), (4 bytes).
    Removing n32g45x_wwdg.o(.rrx_text), (6 bytes).
    Removing n32g45x_wwdg.o(i.WWDG_ClrEWINTF), (12 bytes).
    Removing n32g45x_wwdg.o(i.WWDG_DeInit), (22 bytes).
    Removing n32g45x_wwdg.o(i.WWDG_Enable), (16 bytes).
    Removing n32g45x_wwdg.o(i.WWDG_EnableInt), (12 bytes).
    Removing n32g45x_wwdg.o(i.WWDG_GetEWINTF), (12 bytes).
    Removing n32g45x_wwdg.o(i.WWDG_SetCnt), (16 bytes).
    Removing n32g45x_wwdg.o(i.WWDG_SetPrescalerDiv), (24 bytes).
    Removing n32g45x_wwdg.o(i.WWDG_SetWValue), (40 bytes).
    Removing cdrcmple.o(.text), (48 bytes).
    Removing dneg.o(.text), (6 bytes).
    Removing ddiv.o(.text), (222 bytes).
    Removing dflti.o(.text), (34 bytes).
    Removing dfltui.o(.text), (26 bytes).
    Removing dfixi.o(.text), (62 bytes).

792 unused section(s) (total 32844 bytes) removed from the image.

==============================================================================

Image Symbol Table

    Local Symbols

    Symbol Name                              Value     Ov Type        Size  Object(Section)

    ../clib/../cmprslib/lz77c.c              0x00000000   Number         0  __dclz77c.o ABSOLUTE
    ../clib/microlib/errno.c                 0x00000000   Number         0  errno.o ABSOLUTE
    ../clib/microlib/init/entry.s            0x00000000   Number         0  entry11b.o ABSOLUTE
    ../clib/microlib/init/entry.s            0x00000000   Number         0  entry5.o ABSOLUTE
    ../clib/microlib/init/entry.s            0x00000000   Number         0  entry2.o ABSOLUTE
    ../clib/microlib/init/entry.s            0x00000000   Number         0  entry11a.o ABSOLUTE
    ../clib/microlib/init/entry.s            0x00000000   Number         0  entry10b.o ABSOLUTE
    ../clib/microlib/init/entry.s            0x00000000   Number         0  entry10a.o ABSOLUTE
    ../clib/microlib/init/entry.s            0x00000000   Number         0  entry8a.o ABSOLUTE
    ../clib/microlib/init/entry.s            0x00000000   Number         0  entry7a.o ABSOLUTE
    ../clib/microlib/init/entry.s            0x00000000   Number         0  entry8b.o ABSOLUTE
    ../clib/microlib/init/entry.s            0x00000000   Number         0  entry7b.o ABSOLUTE
    ../clib/microlib/init/entry.s            0x00000000   Number         0  entry9b.o ABSOLUTE
    ../clib/microlib/init/entry.s            0x00000000   Number         0  entry9a.o ABSOLUTE
    ../clib/microlib/init/entry.s            0x00000000   Number         0  entry.o ABSOLUTE
    ../clib/microlib/longlong.c              0x00000000   Number         0  llsshr.o ABSOLUTE
    ../clib/microlib/longlong.c              0x00000000   Number         0  llshl.o ABSOLUTE
    ../clib/microlib/longlong.c              0x00000000   Number         0  llushr.o ABSOLUTE
    ../clib/microlib/stubs.s                 0x00000000   Number         0  iusefp.o ABSOLUTE
    ../fplib/microlib/d2f.c                  0x00000000   Number         0  d2f.o ABSOLUTE
    ../fplib/microlib/f2d.c                  0x00000000   Number         0  f2d.o ABSOLUTE
    ../fplib/microlib/fpadd.c                0x00000000   Number         0  dadd.o ABSOLUTE
    ../fplib/microlib/fpcmp4.c               0x00000000   Number         0  fcmp4.o ABSOLUTE
    ../fplib/microlib/fpdiv.c                0x00000000   Number         0  ddiv.o ABSOLUTE
    ../fplib/microlib/fpepilogue.c           0x00000000   Number         0  depilogue.o ABSOLUTE
    ../fplib/microlib/fpepilogue.c           0x00000000   Number         0  fepilogue.o ABSOLUTE
    ../fplib/microlib/fpfix.c                0x00000000   Number         0  dfixi.o ABSOLUTE
    ../fplib/microlib/fpflt.c                0x00000000   Number         0  dfltui.o ABSOLUTE
    ../fplib/microlib/fpflt.c                0x00000000   Number         0  dflti.o ABSOLUTE
    ../fplib/microlib/fpmul.c                0x00000000   Number         0  dmul.o ABSOLUTE
    ../fplib/microlib/fpneg.c                0x00000000   Number         0  dneg.o ABSOLUTE
    ../mathlib/cos.c                         0x00000000   Number         0  cos.o ABSOLUTE
    ../mathlib/cos.c                         0x00000000   Number         0  cos_x.o ABSOLUTE
    ../mathlib/cos_i.c                       0x00000000   Number         0  cos_i.o ABSOLUTE
    ../mathlib/cosf.c                        0x00000000   Number         0  cosf_x.o ABSOLUTE
    ../mathlib/cosf.c                        0x00000000   Number         0  cosf.o ABSOLUTE
    ../mathlib/dunder.c                      0x00000000   Number         0  dunder.o ABSOLUTE
    ../mathlib/fabs.c                        0x00000000   Number         0  fabs.o ABSOLUTE
    ../mathlib/fmax.c                        0x00000000   Number         0  fminf.o ABSOLUTE
    ../mathlib/fmax.c                        0x00000000   Number         0  fmaxf.o ABSOLUTE
    ../mathlib/fpclassify.c                  0x00000000   Number         0  fpclassify.o ABSOLUTE
    ../mathlib/fpclassifyf.c                 0x00000000   Number         0  fpclassifyf.o ABSOLUTE
    ../mathlib/funder.c                      0x00000000   Number         0  funder.o ABSOLUTE
    ../mathlib/poly.c                        0x00000000   Number         0  poly.o ABSOLUTE
    ../mathlib/rred.c                        0x00000000   Number         0  rred.o ABSOLUTE
    ../mathlib/rredf.c                       0x00000000   Number         0  rredf.o ABSOLUTE
    ../mathlib/sin.c                         0x00000000   Number         0  sin.o ABSOLUTE
    ../mathlib/sin.c                         0x00000000   Number         0  sin_x.o ABSOLUTE
    ../mathlib/sin_i.c                       0x00000000   Number         0  sin_i.o ABSOLUTE
    ../mathlib/sin_i.c                       0x00000000   Number         0  sin_i_x.o ABSOLUTE
    ../mathlib/sinf.c                        0x00000000   Number         0  sinf.o ABSOLUTE
    ../mathlib/sinf.c                        0x00000000   Number         0  sinf_x.o ABSOLUTE
    ..\CMSIS\system_n32g45x.c                0x00000000   Number         0  system_n32g45x.o ABSOLUTE
    ..\Library\src\misc.c                    0x00000000   Number         0  misc.o ABSOLUTE
    ..\Library\src\n32g45x_adc.c             0x00000000   Number         0  n32g45x_adc.o ABSOLUTE
    ..\Library\src\n32g45x_bkp.c             0x00000000   Number         0  n32g45x_bkp.o ABSOLUTE
    ..\Library\src\n32g45x_can.c             0x00000000   Number         0  n32g45x_can.o ABSOLUTE
    ..\Library\src\n32g45x_comp.c            0x00000000   Number         0  n32g45x_comp.o ABSOLUTE
    ..\Library\src\n32g45x_crc.c             0x00000000   Number         0  n32g45x_crc.o ABSOLUTE
    ..\Library\src\n32g45x_dac.c             0x00000000   Number         0  n32g45x_dac.o ABSOLUTE
    ..\Library\src\n32g45x_dbg.c             0x00000000   Number         0  n32g45x_dbg.o ABSOLUTE
    ..\Library\src\n32g45x_dma.c             0x00000000   Number         0  n32g45x_dma.o ABSOLUTE
    ..\Library\src\n32g45x_dvp.c             0x00000000   Number         0  n32g45x_dvp.o ABSOLUTE
    ..\Library\src\n32g45x_eth.c             0x00000000   Number         0  n32g45x_eth.o ABSOLUTE
    ..\Library\src\n32g45x_exti.c            0x00000000   Number         0  n32g45x_exti.o ABSOLUTE
    ..\Library\src\n32g45x_flash.c           0x00000000   Number         0  n32g45x_flash.o ABSOLUTE
    ..\Library\src\n32g45x_gpio.c            0x00000000   Number         0  n32g45x_gpio.o ABSOLUTE
    ..\Library\src\n32g45x_i2c.c             0x00000000   Number         0  n32g45x_i2c.o ABSOLUTE
    ..\Library\src\n32g45x_iwdg.c            0x00000000   Number         0  n32g45x_iwdg.o ABSOLUTE
    ..\Library\src\n32g45x_opamp.c           0x00000000   Number         0  n32g45x_opamp.o ABSOLUTE
    ..\Library\src\n32g45x_pwr.c             0x00000000   Number         0  n32g45x_pwr.o ABSOLUTE
    ..\Library\src\n32g45x_qspi.c            0x00000000   Number         0  n32g45x_qspi.o ABSOLUTE
    ..\Library\src\n32g45x_rcc.c             0x00000000   Number         0  n32g45x_rcc.o ABSOLUTE
    ..\Library\src\n32g45x_rtc.c             0x00000000   Number         0  n32g45x_rtc.o ABSOLUTE
    ..\Library\src\n32g45x_sdio.c            0x00000000   Number         0  n32g45x_sdio.o ABSOLUTE
    ..\Library\src\n32g45x_spi.c             0x00000000   Number         0  n32g45x_spi.o ABSOLUTE
    ..\Library\src\n32g45x_tim.c             0x00000000   Number         0  n32g45x_tim.o ABSOLUTE
    ..\Library\src\n32g45x_tsc.c             0x00000000   Number         0  n32g45x_tsc.o ABSOLUTE
    ..\Library\src\n32g45x_usart.c           0x00000000   Number         0  n32g45x_usart.o ABSOLUTE
    ..\Library\src\n32g45x_wwdg.c            0x00000000   Number         0  n32g45x_wwdg.o ABSOLUTE
    ..\Startup\startup_n32g45x.s             0x00000000   Number         0  startup_n32g45x.o ABSOLUTE
    ..\User\main.c                           0x00000000   Number         0  main.o ABSOLUTE
    ..\User\my_source\ADC.c                  0x00000000   Number         0  adc.o ABSOLUTE
    ..\User\my_source\Control.c              0x00000000   Number         0  control.o ABSOLUTE
    ..\User\my_source\PLL.c                  0x00000000   Number         0  pll.o ABSOLUTE
    ..\User\my_source\TIM.c                  0x00000000   Number         0  tim.o ABSOLUTE
    ..\User\my_source\Transform.c            0x00000000   Number         0  transform.o ABSOLUTE
    ..\User\my_source\UART.c                 0x00000000   Number         0  uart.o ABSOLUTE
    ..\User\n32g45x_it.c                     0x00000000   Number         0  n32g45x_it.o ABSOLUTE
    ..\\CMSIS\\system_n32g45x.c              0x00000000   Number         0  system_n32g45x.o ABSOLUTE
    ..\\Library\\src\\misc.c                 0x00000000   Number         0  misc.o ABSOLUTE
    ..\\Library\\src\\n32g45x_adc.c          0x00000000   Number         0  n32g45x_adc.o ABSOLUTE
    ..\\Library\\src\\n32g45x_bkp.c          0x00000000   Number         0  n32g45x_bkp.o ABSOLUTE
    ..\\Library\\src\\n32g45x_can.c          0x00000000   Number         0  n32g45x_can.o ABSOLUTE
    ..\\Library\\src\\n32g45x_comp.c         0x00000000   Number         0  n32g45x_comp.o ABSOLUTE
    ..\\Library\\src\\n32g45x_crc.c          0x00000000   Number         0  n32g45x_crc.o ABSOLUTE
    ..\\Library\\src\\n32g45x_dac.c          0x00000000   Number         0  n32g45x_dac.o ABSOLUTE
    ..\\Library\\src\\n32g45x_dbg.c          0x00000000   Number         0  n32g45x_dbg.o ABSOLUTE
    ..\\Library\\src\\n32g45x_dma.c          0x00000000   Number         0  n32g45x_dma.o ABSOLUTE
    ..\\Library\\src\\n32g45x_dvp.c          0x00000000   Number         0  n32g45x_dvp.o ABSOLUTE
    ..\\Library\\src\\n32g45x_eth.c          0x00000000   Number         0  n32g45x_eth.o ABSOLUTE
    ..\\Library\\src\\n32g45x_exti.c         0x00000000   Number         0  n32g45x_exti.o ABSOLUTE
    ..\\Library\\src\\n32g45x_flash.c        0x00000000   Number         0  n32g45x_flash.o ABSOLUTE
    ..\\Library\\src\\n32g45x_gpio.c         0x00000000   Number         0  n32g45x_gpio.o ABSOLUTE
    ..\\Library\\src\\n32g45x_i2c.c          0x00000000   Number         0  n32g45x_i2c.o ABSOLUTE
    ..\\Library\\src\\n32g45x_iwdg.c         0x00000000   Number         0  n32g45x_iwdg.o ABSOLUTE
    ..\\Library\\src\\n32g45x_opamp.c        0x00000000   Number         0  n32g45x_opamp.o ABSOLUTE
    ..\\Library\\src\\n32g45x_pwr.c          0x00000000   Number         0  n32g45x_pwr.o ABSOLUTE
    ..\\Library\\src\\n32g45x_qspi.c         0x00000000   Number         0  n32g45x_qspi.o ABSOLUTE
    ..\\Library\\src\\n32g45x_rcc.c          0x00000000   Number         0  n32g45x_rcc.o ABSOLUTE
    ..\\Library\\src\\n32g45x_rtc.c          0x00000000   Number         0  n32g45x_rtc.o ABSOLUTE
    ..\\Library\\src\\n32g45x_sdio.c         0x00000000   Number         0  n32g45x_sdio.o ABSOLUTE
    ..\\Library\\src\\n32g45x_spi.c          0x00000000   Number         0  n32g45x_spi.o ABSOLUTE
    ..\\Library\\src\\n32g45x_tim.c          0x00000000   Number         0  n32g45x_tim.o ABSOLUTE
    ..\\Library\\src\\n32g45x_tsc.c          0x00000000   Number         0  n32g45x_tsc.o ABSOLUTE
    ..\\Library\\src\\n32g45x_usart.c        0x00000000   Number         0  n32g45x_usart.o ABSOLUTE
    ..\\Library\\src\\n32g45x_wwdg.c         0x00000000   Number         0  n32g45x_wwdg.o ABSOLUTE
    ..\\User\\main.c                         0x00000000   Number         0  main.o ABSOLUTE
    ..\\User\\my_source\\Control.c           0x00000000   Number         0  control.o ABSOLUTE
    ..\\User\\my_source\\PLL.c               0x00000000   Number         0  pll.o ABSOLUTE
    ..\\User\\my_source\\TIM.c               0x00000000   Number         0  tim.o ABSOLUTE
    ..\\User\\my_source\\Transform.c         0x00000000   Number         0  transform.o ABSOLUTE
    ..\\User\\my_source\\UART.c              0x00000000   Number         0  uart.o ABSOLUTE
    ..\\User\\n32g45x_it.c                   0x00000000   Number         0  n32g45x_it.o ABSOLUTE
    cdrcmple.s                               0x00000000   Number         0  cdrcmple.o ABSOLUTE
    dc.s                                     0x00000000   Number         0  dc.o ABSOLUTE
    handlers.s                               0x00000000   Number         0  handlers.o ABSOLUTE
    init.s                                   0x00000000   Number         0  init.o ABSOLUTE
    RESET                                    0x08000000   Section      408  startup_n32g45x.o(RESET)
    .ARM.Collect$$$$00000000                 0x08000198   Section        0  entry.o(.ARM.Collect$$$$00000000)
    .ARM.Collect$$$$00000001                 0x08000198   Section        4  entry2.o(.ARM.Collect$$$$00000001)
    .ARM.Collect$$$$00000004                 0x0800019c   Section        4  entry5.o(.ARM.Collect$$$$00000004)
    .ARM.Collect$$$$00000008                 0x080001a0   Section        0  entry7b.o(.ARM.Collect$$$$00000008)
    .ARM.Collect$$$$0000000A                 0x080001a0   Section        0  entry8b.o(.ARM.Collect$$$$0000000A)
    .ARM.Collect$$$$0000000B                 0x080001a0   Section        8  entry9a.o(.ARM.Collect$$$$0000000B)
    .ARM.Collect$$$$0000000D                 0x080001a8   Section        0  entry10a.o(.ARM.Collect$$$$0000000D)
    .ARM.Collect$$$$0000000F                 0x080001a8   Section        0  entry11a.o(.ARM.Collect$$$$0000000F)
    .ARM.Collect$$$$00002712                 0x080001a8   Section        4  entry2.o(.ARM.Collect$$$$00002712)
    __lit__00000000                          0x080001a8   Data           4  entry2.o(.ARM.Collect$$$$00002712)
    .text                                    0x080001ac   Section       36  startup_n32g45x.o(.text)
    $v0                                      0x080001ac   Number         0  startup_n32g45x.o(.text)
    RESERVE48_IRQHandler                     0x080001c7   Thumb Code     0  startup_n32g45x.o(.text)
    .text                                    0x080001d0   Section        0  dadd.o(.text)
    .text                                    0x0800031e   Section        0  dmul.o(.text)
    .text                                    0x08000402   Section        0  f2d.o(.text)
    .text                                    0x08000428   Section        0  d2f.o(.text)
    .text                                    0x08000460   Section        0  llshl.o(.text)
    .text                                    0x0800047e   Section        0  llsshr.o(.text)
    .text                                    0x080004a2   Section        0  iusefp.o(.text)
    .text                                    0x080004a2   Section        0  fepilogue.o(.text)
    .text                                    0x08000510   Section        0  depilogue.o(.text)
    .text                                    0x080005ca   Section        0  fcmp4.o(.text)
    .text                                    0x08000600   Section       36  init.o(.text)
    .text                                    0x08000624   Section        0  llushr.o(.text)
    .text                                    0x08000644   Section        0  __dclz77c.o(.text)
    i.BusFault_Handler                       0x080006a2   Section        0  n32g45x_it.o(i.BusFault_Handler)
    i.DebugMon_Handler                       0x080006a6   Section        0  n32g45x_it.o(i.DebugMon_Handler)
    i.GPIO_InitPeripheral                    0x080006a8   Section        0  n32g45x_gpio.o(i.GPIO_InitPeripheral)
    i.GPIO_ResetBits                         0x080007be   Section        0  n32g45x_gpio.o(i.GPIO_ResetBits)
    i.GPIO_SetBits                           0x080007c2   Section        0  n32g45x_gpio.o(i.GPIO_SetBits)
    i.HardFault_Handler                      0x080007c6   Section        0  n32g45x_it.o(i.HardFault_Handler)
    i.MemManage_Handler                      0x080007ca   Section        0  n32g45x_it.o(i.MemManage_Handler)
    i.NMI_Handler                            0x080007ce   Section        0  n32g45x_it.o(i.NMI_Handler)
    i.NVIC_Init                              0x080007d0   Section        0  misc.o(i.NVIC_Init)
    i.NVIC_PriorityGroupConfig               0x08000840   Section        0  misc.o(i.NVIC_PriorityGroupConfig)
    i.RCC_EnableAPB1PeriphClk                0x08000854   Section        0  n32g45x_rcc.o(i.RCC_EnableAPB1PeriphClk)
    i.RCC_EnableAPB2PeriphClk                0x08000874   Section        0  n32g45x_rcc.o(i.RCC_EnableAPB2PeriphClk)
    i.RCC_GetClocksFreqValue                 0x08000894   Section        0  n32g45x_rcc.o(i.RCC_GetClocksFreqValue)
    i.SVC_Handler                            0x080009a0   Section        0  n32g45x_it.o(i.SVC_Handler)
    i.SVPWM2Duty                             0x080009a4   Section        0  control.o(i.SVPWM2Duty)
    i.SetSysClock                            0x080009fc   Section        0  system_n32g45x.o(i.SetSysClock)
    SetSysClock                              0x080009fd   Thumb Code   236  system_n32g45x.o(i.SetSysClock)
    i.SysTick_Handler                        0x08000b00   Section        0  n32g45x_it.o(i.SysTick_Handler)
    i.SystemInit                             0x08000b04   Section        0  system_n32g45x.o(i.SystemInit)
    i.TIM1_UP_IRQHandler                     0x08000bb4   Section        0  n32g45x_it.o(i.TIM1_UP_IRQHandler)
    i.TIM_ConfigBkdt                         0x08000cd8   Section        0  n32g45x_tim.o(i.TIM_ConfigBkdt)
    i.TIM_ConfigInt                          0x08000d2a   Section        0  n32g45x_tim.o(i.TIM_ConfigInt)
    i.TIM_Enable                             0x08000d3c   Section        0  n32g45x_tim.o(i.TIM_Enable)
    i.TIM_EnableCtrlPwmOutputs               0x08000d52   Section        0  n32g45x_tim.o(i.TIM_EnableCtrlPwmOutputs)
    i.TIM_InitBkdtStruct                     0x08000d70   Section        0  n32g45x_tim.o(i.TIM_InitBkdtStruct)
    i.TIM_InitOc1                            0x08000d84   Section        0  n32g45x_tim.o(i.TIM_InitOc1)
    i.TIM_InitOc2                            0x08000df8   Section        0  n32g45x_tim.o(i.TIM_InitOc2)
    i.TIM_InitOc3                            0x08000e80   Section        0  n32g45x_tim.o(i.TIM_InitOc3)
    i.TIM_InitOc4                            0x08000f00   Section        0  n32g45x_tim.o(i.TIM_InitOc4)
    i.TIM_InitTimeBase                       0x08000f6c   Section        0  n32g45x_tim.o(i.TIM_InitTimeBase)
    i.TIM_Intial                             0x080010c4   Section        0  tim.o(i.TIM_Intial)
    i.UART_Init                              0x0800122c   Section        0  uart.o(i.UART_Init)
    i.UART_SentData                          0x080012ac   Section        0  uart.o(i.UART_SentData)
    i.USART_Enable                           0x080012b8   Section        0  n32g45x_usart.o(i.USART_Enable)
    i.USART_Init                             0x080012d0   Section        0  n32g45x_usart.o(i.USART_Init)
    i.Udq2SVPWM                              0x08001398   Section        0  control.o(i.Udq2SVPWM)
    i.Udq2Uab                                0x080014f8   Section        0  control.o(i.Udq2Uab)
    i.UsageFault_Handler                     0x08001516   Section        0  n32g45x_it.o(i.UsageFault_Handler)
    i.__ARM_fpclassifyf                      0x0800151a   Section        0  fpclassifyf.o(i.__ARM_fpclassifyf)
    i.__hardfp_cosf                          0x08001540   Section        0  cosf.o(i.__hardfp_cosf)
    i.__hardfp_fmaxf                         0x08001690   Section        0  fmaxf.o(i.__hardfp_fmaxf)
    i.__hardfp_fminf                         0x080016d8   Section        0  fminf.o(i.__hardfp_fminf)
    i.__hardfp_sinf                          0x08001720   Section        0  sinf.o(i.__hardfp_sinf)
    i.__mathlib_flt_infnan                   0x080018b0   Section        0  funder.o(i.__mathlib_flt_infnan)
    i.__mathlib_flt_invalid                  0x080018b8   Section        0  funder.o(i.__mathlib_flt_invalid)
    i.__mathlib_flt_underflow                0x080018c8   Section        0  funder.o(i.__mathlib_flt_underflow)
    i.__mathlib_rredf2                       0x080018d8   Section        0  rredf.o(i.__mathlib_rredf2)
    i.__scatterload_copy                     0x08001a2c   Section       14  handlers.o(i.__scatterload_copy)
    i.__scatterload_null                     0x08001a3a   Section        2  handlers.o(i.__scatterload_null)
    i.__scatterload_zeroinit                 0x08001a3c   Section       14  handlers.o(i.__scatterload_zeroinit)
    i.__set_errno                            0x08001a4c   Section        0  errno.o(i.__set_errno)
    i.iPark_DQ2AlphaBeta                     0x08001a58   Section        0  transform.o(i.iPark_DQ2AlphaBeta)
    i.main                                   0x08001a84   Section        0  main.o(i.main)
    .constdata                               0x08001b08   Section       64  n32g45x_rcc.o(.constdata)
    s_ApbAhbPresTable                        0x08001b08   Data          16  n32g45x_rcc.o(.constdata)
    s_AdcHclkPresTable                       0x08001b18   Data          16  n32g45x_rcc.o(.constdata)
    s_AdcPllClkPresTable                     0x08001b28   Data          32  n32g45x_rcc.o(.constdata)
    .constdata                               0x08001b48   Section       32  rredf.o(.constdata)
    twooverpi                                0x08001b48   Data          32  rredf.o(.constdata)
    .data                                    0x20000000   Section        4  system_n32g45x.o(.data)
    .data                                    0x20000004   Section        2  main.o(.data)
    .data                                    0x20000008   Section     1616  n32g45x_it.o(.data)
    .data                                    0x20000658   Section       10  tim.o(.data)
    .data                                    0x20000664   Section        4  errno.o(.data)
    _errno                                   0x20000664   Data           4  errno.o(.data)
    .bss                                     0x20000668   Section      852  main.o(.bss)
    .bss                                     0x200009bc   Section       32  tim.o(.bss)
    STACK                                    0x200009e0   Section     5376  startup_n32g45x.o(STACK)

    Global Symbols

    Symbol Name                              Value     Ov Type        Size  Object(Section)

    BuildAttributes$$THM_ISAv4$E$P$D$K$B$S$7EM$VFPi3$EXTD16$VFPS$VFMA$PE$A:L22UL41UL21$X:L11$S22US41US21$IEEE1$IW$USESV6$~STKCKD$USESV7$~SHL$OTIME$ROPI$IEEEX$EBA8$MICROLIB$REQ8$PRES8$EABIv2 0x00000000   Number         0  anon$$obj.o ABSOLUTE
    __ARM_use_no_argv                        0x00000000   Number         0  main.o ABSOLUTE
    __cpp_initialize__aeabi_                  - Undefined Weak Reference
    __cxa_finalize                            - Undefined Weak Reference
    _clock_init                               - Undefined Weak Reference
    _microlib_exit                            - Undefined Weak Reference
    __Vectors_Size                           0x00000198   Number         0  startup_n32g45x.o ABSOLUTE
    __Vectors                                0x08000000   Data           4  startup_n32g45x.o(RESET)
    __Vectors_End                            0x08000198   Data           0  startup_n32g45x.o(RESET)
    __main                                   0x08000199   Thumb Code     0  entry.o(.ARM.Collect$$$$00000000)
    _main_stk                                0x08000199   Thumb Code     0  entry2.o(.ARM.Collect$$$$00000001)
    _main_scatterload                        0x0800019d   Thumb Code     0  entry5.o(.ARM.Collect$$$$00000004)
    __main_after_scatterload                 0x080001a1   Thumb Code     0  entry5.o(.ARM.Collect$$$$00000004)
    _main_clock                              0x080001a1   Thumb Code     0  entry7b.o(.ARM.Collect$$$$00000008)
    _main_cpp_init                           0x080001a1   Thumb Code     0  entry8b.o(.ARM.Collect$$$$0000000A)
    _main_init                               0x080001a1   Thumb Code     0  entry9a.o(.ARM.Collect$$$$0000000B)
    __rt_final_cpp                           0x080001a9   Thumb Code     0  entry10a.o(.ARM.Collect$$$$0000000D)
    __rt_final_exit                          0x080001a9   Thumb Code     0  entry11a.o(.ARM.Collect$$$$0000000F)
    Reset_Handler                            0x080001ad   Thumb Code     8  startup_n32g45x.o(.text)
    PendSV_Handler                           0x080001c3   Thumb Code     2  startup_n32g45x.o(.text)
    ADC1_2_IRQHandler                        0x080001c7   Thumb Code     0  startup_n32g45x.o(.text)
    ADC3_4_IRQHandler                        0x080001c7   Thumb Code     0  startup_n32g45x.o(.text)
    CAN1_RX1_IRQHandler                      0x080001c7   Thumb Code     0  startup_n32g45x.o(.text)
    CAN1_SCE_IRQHandler                      0x080001c7   Thumb Code     0  startup_n32g45x.o(.text)
    CAN2_RX0_IRQHandler                      0x080001c7   Thumb Code     0  startup_n32g45x.o(.text)
    CAN2_RX1_IRQHandler                      0x080001c7   Thumb Code     0  startup_n32g45x.o(.text)
    CAN2_SCE_IRQHandler                      0x080001c7   Thumb Code     0  startup_n32g45x.o(.text)
    CAN2_TX_IRQHandler                       0x080001c7   Thumb Code     0  startup_n32g45x.o(.text)
    COMP7_IRQHandler                         0x080001c7   Thumb Code     0  startup_n32g45x.o(.text)
    COMP_1_2_3_IRQHandler                    0x080001c7   Thumb Code     0  startup_n32g45x.o(.text)
    COMP_4_5_6_IRQHandler                    0x080001c7   Thumb Code     0  startup_n32g45x.o(.text)
    DMA1_Channel1_IRQHandler                 0x080001c7   Thumb Code     0  startup_n32g45x.o(.text)
    DMA1_Channel2_IRQHandler                 0x080001c7   Thumb Code     0  startup_n32g45x.o(.text)
    DMA1_Channel3_IRQHandler                 0x080001c7   Thumb Code     0  startup_n32g45x.o(.text)
    DMA1_Channel4_IRQHandler                 0x080001c7   Thumb Code     0  startup_n32g45x.o(.text)
    DMA1_Channel5_IRQHandler                 0x080001c7   Thumb Code     0  startup_n32g45x.o(.text)
    DMA1_Channel6_IRQHandler                 0x080001c7   Thumb Code     0  startup_n32g45x.o(.text)
    DMA1_Channel7_IRQHandler                 0x080001c7   Thumb Code     0  startup_n32g45x.o(.text)
    DMA1_Channel8_IRQHandler                 0x080001c7   Thumb Code     0  startup_n32g45x.o(.text)
    DMA2_Channel1_IRQHandler                 0x080001c7   Thumb Code     0  startup_n32g45x.o(.text)
    DMA2_Channel2_IRQHandler                 0x080001c7   Thumb Code     0  startup_n32g45x.o(.text)
    DMA2_Channel3_IRQHandler                 0x080001c7   Thumb Code     0  startup_n32g45x.o(.text)
    DMA2_Channel4_IRQHandler                 0x080001c7   Thumb Code     0  startup_n32g45x.o(.text)
    DMA2_Channel5_IRQHandler                 0x080001c7   Thumb Code     0  startup_n32g45x.o(.text)
    DMA2_Channel6_IRQHandler                 0x080001c7   Thumb Code     0  startup_n32g45x.o(.text)
    DMA2_Channel7_IRQHandler                 0x080001c7   Thumb Code     0  startup_n32g45x.o(.text)
    DMA2_Channel8_IRQHandler                 0x080001c7   Thumb Code     0  startup_n32g45x.o(.text)
    DVP_IRQHandler                           0x080001c7   Thumb Code     0  startup_n32g45x.o(.text)
    ETH_IRQHandler                           0x080001c7   Thumb Code     0  startup_n32g45x.o(.text)
    ETH_WKUP_IRQHandler                      0x080001c7   Thumb Code     0  startup_n32g45x.o(.text)
    EXTI0_IRQHandler                         0x080001c7   Thumb Code     0  startup_n32g45x.o(.text)
    EXTI15_10_IRQHandler                     0x080001c7   Thumb Code     0  startup_n32g45x.o(.text)
    EXTI1_IRQHandler                         0x080001c7   Thumb Code     0  startup_n32g45x.o(.text)
    EXTI2_IRQHandler                         0x080001c7   Thumb Code     0  startup_n32g45x.o(.text)
    EXTI3_IRQHandler                         0x080001c7   Thumb Code     0  startup_n32g45x.o(.text)
    EXTI4_IRQHandler                         0x080001c7   Thumb Code     0  startup_n32g45x.o(.text)
    EXTI9_5_IRQHandler                       0x080001c7   Thumb Code     0  startup_n32g45x.o(.text)
    FLASH_IRQHandler                         0x080001c7   Thumb Code     0  startup_n32g45x.o(.text)
    I2C1_ER_IRQHandler                       0x080001c7   Thumb Code     0  startup_n32g45x.o(.text)
    I2C1_EV_IRQHandler                       0x080001c7   Thumb Code     0  startup_n32g45x.o(.text)
    I2C2_ER_IRQHandler                       0x080001c7   Thumb Code     0  startup_n32g45x.o(.text)
    I2C2_EV_IRQHandler                       0x080001c7   Thumb Code     0  startup_n32g45x.o(.text)
    I2C3_ER_IRQHandler                       0x080001c7   Thumb Code     0  startup_n32g45x.o(.text)
    I2C3_EV_IRQHandler                       0x080001c7   Thumb Code     0  startup_n32g45x.o(.text)
    I2C4_ER_IRQHandler                       0x080001c7   Thumb Code     0  startup_n32g45x.o(.text)
    I2C4_EV_IRQHandler                       0x080001c7   Thumb Code     0  startup_n32g45x.o(.text)
    MMU_IRQHandler                           0x080001c7   Thumb Code     0  startup_n32g45x.o(.text)
    PVD_IRQHandler                           0x080001c7   Thumb Code     0  startup_n32g45x.o(.text)
    QSPI_IRQHandler                          0x080001c7   Thumb Code     0  startup_n32g45x.o(.text)
    RCC_IRQHandler                           0x080001c7   Thumb Code     0  startup_n32g45x.o(.text)
    RSRAM_IRQHandler                         0x080001c7   Thumb Code     0  startup_n32g45x.o(.text)
    RTCAlarm_IRQHandler                      0x080001c7   Thumb Code     0  startup_n32g45x.o(.text)
    RTC_WKUP_IRQHandler                      0x080001c7   Thumb Code     0  startup_n32g45x.o(.text)
    SAC_IRQHandler                           0x080001c7   Thumb Code     0  startup_n32g45x.o(.text)
    SDIO_IRQHandler                          0x080001c7   Thumb Code     0  startup_n32g45x.o(.text)
    SPI1_IRQHandler                          0x080001c7   Thumb Code     0  startup_n32g45x.o(.text)
    SPI2_IRQHandler                          0x080001c7   Thumb Code     0  startup_n32g45x.o(.text)
    SPI3_IRQHandler                          0x080001c7   Thumb Code     0  startup_n32g45x.o(.text)
    TAMPER_IRQHandler                        0x080001c7   Thumb Code     0  startup_n32g45x.o(.text)
    TIM1_BRK_IRQHandler                      0x080001c7   Thumb Code     0  startup_n32g45x.o(.text)
    TIM1_CC_IRQHandler                       0x080001c7   Thumb Code     0  startup_n32g45x.o(.text)
    TIM1_TRG_COM_IRQHandler                  0x080001c7   Thumb Code     0  startup_n32g45x.o(.text)
    TIM2_IRQHandler                          0x080001c7   Thumb Code     0  startup_n32g45x.o(.text)
    TIM3_IRQHandler                          0x080001c7   Thumb Code     0  startup_n32g45x.o(.text)
    TIM4_IRQHandler                          0x080001c7   Thumb Code     0  startup_n32g45x.o(.text)
    TIM5_IRQHandler                          0x080001c7   Thumb Code     0  startup_n32g45x.o(.text)
    TIM6_IRQHandler                          0x080001c7   Thumb Code     0  startup_n32g45x.o(.text)
    TIM7_IRQHandler                          0x080001c7   Thumb Code     0  startup_n32g45x.o(.text)
    TIM8_BRK_IRQHandler                      0x080001c7   Thumb Code     0  startup_n32g45x.o(.text)
    TIM8_CC_IRQHandler                       0x080001c7   Thumb Code     0  startup_n32g45x.o(.text)
    TIM8_TRG_COM_IRQHandler                  0x080001c7   Thumb Code     0  startup_n32g45x.o(.text)
    TIM8_UP_IRQHandler                       0x080001c7   Thumb Code     0  startup_n32g45x.o(.text)
    TSC_IRQHandler                           0x080001c7   Thumb Code     0  startup_n32g45x.o(.text)
    UART4_IRQHandler                         0x080001c7   Thumb Code     0  startup_n32g45x.o(.text)
    UART5_IRQHandler                         0x080001c7   Thumb Code     0  startup_n32g45x.o(.text)
    UART6_IRQHandler                         0x080001c7   Thumb Code     0  startup_n32g45x.o(.text)
    UART7_IRQHandler                         0x080001c7   Thumb Code     0  startup_n32g45x.o(.text)
    USART1_IRQHandler                        0x080001c7   Thumb Code     0  startup_n32g45x.o(.text)
    USART2_IRQHandler                        0x080001c7   Thumb Code     0  startup_n32g45x.o(.text)
    USART3_IRQHandler                        0x080001c7   Thumb Code     0  startup_n32g45x.o(.text)
    USBWakeUp_IRQHandler                     0x080001c7   Thumb Code     0  startup_n32g45x.o(.text)
    USB_HP_CAN1_TX_IRQHandler                0x080001c7   Thumb Code     0  startup_n32g45x.o(.text)
    USB_LP_CAN1_RX0_IRQHandler               0x080001c7   Thumb Code     0  startup_n32g45x.o(.text)
    WWDG_IRQHandler                          0x080001c7   Thumb Code     0  startup_n32g45x.o(.text)
    __aeabi_dadd                             0x080001d1   Thumb Code   322  dadd.o(.text)
    __aeabi_dsub                             0x08000313   Thumb Code     6  dadd.o(.text)
    __aeabi_drsub                            0x08000319   Thumb Code     6  dadd.o(.text)
    __aeabi_dmul                             0x0800031f   Thumb Code   228  dmul.o(.text)
    __aeabi_f2d                              0x08000403   Thumb Code    38  f2d.o(.text)
    __aeabi_d2f                              0x08000429   Thumb Code    56  d2f.o(.text)
    __aeabi_llsl                             0x08000461   Thumb Code    30  llshl.o(.text)
    _ll_shift_l                              0x08000461   Thumb Code     0  llshl.o(.text)
    __aeabi_lasr                             0x0800047f   Thumb Code    36  llsshr.o(.text)
    _ll_sshift_r                             0x0800047f   Thumb Code     0  llsshr.o(.text)
    __I$use$fp                               0x080004a3   Thumb Code     0  iusefp.o(.text)
    _float_round                             0x080004a3   Thumb Code    18  fepilogue.o(.text)
    _float_epilogue                          0x080004b5   Thumb Code    92  fepilogue.o(.text)
    _double_round                            0x08000511   Thumb Code    30  depilogue.o(.text)
    _double_epilogue                         0x0800052f   Thumb Code   156  depilogue.o(.text)
    __ARM_fcmp4                              0x080005cb   Thumb Code    54  fcmp4.o(.text)
    _fcmp4                                   0x080005cb   Thumb Code     0  fcmp4.o(.text)
    __scatterload                            0x08000601   Thumb Code    28  init.o(.text)
    __scatterload_rt2                        0x08000601   Thumb Code     0  init.o(.text)
    __aeabi_llsr                             0x08000625   Thumb Code    32  llushr.o(.text)
    _ll_ushift_r                             0x08000625   Thumb Code     0  llushr.o(.text)
    __decompress                             0x08000645   Thumb Code     0  __dclz77c.o(.text)
    __decompress2                            0x08000645   Thumb Code    94  __dclz77c.o(.text)
    BusFault_Handler                         0x080006a3   Thumb Code     4  n32g45x_it.o(i.BusFault_Handler)
    DebugMon_Handler                         0x080006a7   Thumb Code     2  n32g45x_it.o(i.DebugMon_Handler)
    GPIO_InitPeripheral                      0x080006a9   Thumb Code   278  n32g45x_gpio.o(i.GPIO_InitPeripheral)
    GPIO_ResetBits                           0x080007bf   Thumb Code     4  n32g45x_gpio.o(i.GPIO_ResetBits)
    GPIO_SetBits                             0x080007c3   Thumb Code     4  n32g45x_gpio.o(i.GPIO_SetBits)
    HardFault_Handler                        0x080007c7   Thumb Code     4  n32g45x_it.o(i.HardFault_Handler)
    MemManage_Handler                        0x080007cb   Thumb Code     4  n32g45x_it.o(i.MemManage_Handler)
    NMI_Handler                              0x080007cf   Thumb Code     2  n32g45x_it.o(i.NMI_Handler)
    NVIC_Init                                0x080007d1   Thumb Code   100  misc.o(i.NVIC_Init)
    NVIC_PriorityGroupConfig                 0x08000841   Thumb Code    10  misc.o(i.NVIC_PriorityGroupConfig)
    RCC_EnableAPB1PeriphClk                  0x08000855   Thumb Code    26  n32g45x_rcc.o(i.RCC_EnableAPB1PeriphClk)
    RCC_EnableAPB2PeriphClk                  0x08000875   Thumb Code    26  n32g45x_rcc.o(i.RCC_EnableAPB2PeriphClk)
    RCC_GetClocksFreqValue                   0x08000895   Thumb Code   240  n32g45x_rcc.o(i.RCC_GetClocksFreqValue)
    SVC_Handler                              0x080009a1   Thumb Code     2  n32g45x_it.o(i.SVC_Handler)
    SVPWM2Duty                               0x080009a5   Thumb Code    80  control.o(i.SVPWM2Duty)
    SysTick_Handler                          0x08000b01   Thumb Code     2  n32g45x_it.o(i.SysTick_Handler)
    SystemInit                               0x08000b05   Thumb Code   146  system_n32g45x.o(i.SystemInit)
    TIM1_UP_IRQHandler                       0x08000bb5   Thumb Code   242  n32g45x_it.o(i.TIM1_UP_IRQHandler)
    TIM_ConfigBkdt                           0x08000cd9   Thumb Code    82  n32g45x_tim.o(i.TIM_ConfigBkdt)
    TIM_ConfigInt                            0x08000d2b   Thumb Code    18  n32g45x_tim.o(i.TIM_ConfigInt)
    TIM_Enable                               0x08000d3d   Thumb Code    22  n32g45x_tim.o(i.TIM_Enable)
    TIM_EnableCtrlPwmOutputs                 0x08000d53   Thumb Code    30  n32g45x_tim.o(i.TIM_EnableCtrlPwmOutputs)
    TIM_InitBkdtStruct                       0x08000d71   Thumb Code    18  n32g45x_tim.o(i.TIM_InitBkdtStruct)
    TIM_InitOc1                              0x08000d85   Thumb Code   106  n32g45x_tim.o(i.TIM_InitOc1)
    TIM_InitOc2                              0x08000df9   Thumb Code   126  n32g45x_tim.o(i.TIM_InitOc2)
    TIM_InitOc3                              0x08000e81   Thumb Code   118  n32g45x_tim.o(i.TIM_InitOc3)
    TIM_InitOc4                              0x08000f01   Thumb Code    98  n32g45x_tim.o(i.TIM_InitOc4)
    TIM_InitTimeBase                         0x08000f6d   Thumb Code   314  n32g45x_tim.o(i.TIM_InitTimeBase)
    TIM_Intial                               0x080010c5   Thumb Code   322  tim.o(i.TIM_Intial)
    UART_Init                                0x0800122d   Thumb Code   114  uart.o(i.UART_Init)
    UART_SentData                            0x080012ad   Thumb Code    12  uart.o(i.UART_SentData)
    USART_Enable                             0x080012b9   Thumb Code    24  n32g45x_usart.o(i.USART_Enable)
    USART_Init                               0x080012d1   Thumb Code   188  n32g45x_usart.o(i.USART_Init)
    Udq2SVPWM                                0x08001399   Thumb Code   330  control.o(i.Udq2SVPWM)
    Udq2Uab                                  0x080014f9   Thumb Code    30  control.o(i.Udq2Uab)
    UsageFault_Handler                       0x08001517   Thumb Code     4  n32g45x_it.o(i.UsageFault_Handler)
    __ARM_fpclassifyf                        0x0800151b   Thumb Code    38  fpclassifyf.o(i.__ARM_fpclassifyf)
    __hardfp_cosf                            0x08001541   Thumb Code   280  cosf.o(i.__hardfp_cosf)
    __hardfp_fmaxf                           0x08001691   Thumb Code    72  fmaxf.o(i.__hardfp_fmaxf)
    __hardfp_fminf                           0x080016d9   Thumb Code    72  fminf.o(i.__hardfp_fminf)
    __hardfp_sinf                            0x08001721   Thumb Code   344  sinf.o(i.__hardfp_sinf)
    __mathlib_flt_infnan                     0x080018b1   Thumb Code     6  funder.o(i.__mathlib_flt_infnan)
    __mathlib_flt_invalid                    0x080018b9   Thumb Code    10  funder.o(i.__mathlib_flt_invalid)
    __mathlib_flt_underflow                  0x080018c9   Thumb Code    10  funder.o(i.__mathlib_flt_underflow)
    __mathlib_rredf2                         0x080018d9   Thumb Code   316  rredf.o(i.__mathlib_rredf2)
    __scatterload_copy                       0x08001a2d   Thumb Code    14  handlers.o(i.__scatterload_copy)
    __scatterload_null                       0x08001a3b   Thumb Code     2  handlers.o(i.__scatterload_null)
    __scatterload_zeroinit                   0x08001a3d   Thumb Code    14  handlers.o(i.__scatterload_zeroinit)
    __set_errno                              0x08001a4d   Thumb Code     6  errno.o(i.__set_errno)
    iPark_DQ2AlphaBeta                       0x08001a59   Thumb Code    42  transform.o(i.iPark_DQ2AlphaBeta)
    main                                     0x08001a85   Thumb Code   108  main.o(i.main)
    Region$$Table$$Base                      0x08001b68   Number         0  anon$$obj.o(Region$$Table)
    Region$$Table$$Limit                     0x08001b88   Number         0  anon$$obj.o(Region$$Table)
    SystemCoreClock                          0x20000000   Data           4  system_n32g45x.o(.data)
    iii                                      0x20000004   Data           2  main.o(.data)
    i                                        0x20000008   Data           1  n32g45x_it.o(.data)
    ii                                       0x2000000a   Data           2  n32g45x_it.o(.data)
    div                                      0x2000000c   Data           2  n32g45x_it.o(.data)
    cnt                                      0x2000000e   Data           2  n32g45x_it.o(.data)
    SINX                                     0x20000010   Data           4  n32g45x_it.o(.data)
    COSX                                     0x20000014   Data           4  n32g45x_it.o(.data)
    Theta400                                 0x20000018   Data        1600  n32g45x_it.o(.data)
    TimerPeriod                              0x20000658   Data           2  tim.o(.data)
    Channel1Pulse                            0x2000065a   Data           2  tim.o(.data)
    Channel2Pulse                            0x2000065c   Data           2  tim.o(.data)
    Channel3Pulse                            0x2000065e   Data           2  tim.o(.data)
    Channel4Pulse                            0x20000660   Data           2  tim.o(.data)
    ABC_DQ_Data                              0x20000668   Data          28  main.o(.bss)
    Theta_data                               0x20000684   Data          12  main.o(.bss)
    Tabc                                     0x20000690   Data          12  main.o(.bss)
    UART_Buffer                              0x2000069c   Data         800  main.o(.bss)
    TIM_TimeBaseStructure                    0x200009bc   Data          16  tim.o(.bss)
    TIM_OCInitStructure                      0x200009cc   Data          16  tim.o(.bss)
    __initial_sp                             0x20001ee0   Data           0  startup_n32g45x.o(STACK)



==============================================================================

Memory Map of the image

  Image Entry point : 0x08000199

  Load Region LR_IROM1 (Base: 0x08000000, Size: 0x000021f0, Max: 0x00080000, ABSOLUTE, COMPRESSED[0x000021d8])

    Execution Region ER_IROM1 (Exec base: 0x08000000, Load base: 0x08000000, Size: 0x00001b88, Max: 0x00080000, ABSOLUTE)

    Exec Addr    Load Addr    Size         Type   Attr      Idx    E Section Name        Object

    0x08000000   0x08000000   0x00000198   Data   RO            3    RESET               startup_n32g45x.o
    0x08000198   0x08000198   0x00000000   Code   RO         5167  * .ARM.Collect$$$$00000000  mc_w.l(entry.o)
    0x08000198   0x08000198   0x00000004   Code   RO         5227    .ARM.Collect$$$$00000001  mc_w.l(entry2.o)
    0x0800019c   0x0800019c   0x00000004   Code   RO         5230    .ARM.Collect$$$$00000004  mc_w.l(entry5.o)
    0x080001a0   0x080001a0   0x00000000   Code   RO         5232    .ARM.Collect$$$$00000008  mc_w.l(entry7b.o)
    0x080001a0   0x080001a0   0x00000000   Code   RO         5234    .ARM.Collect$$$$0000000A  mc_w.l(entry8b.o)
    0x080001a0   0x080001a0   0x00000008   Code   RO         5235    .ARM.Collect$$$$0000000B  mc_w.l(entry9a.o)
    0x080001a8   0x080001a8   0x00000000   Code   RO         5237    .ARM.Collect$$$$0000000D  mc_w.l(entry10a.o)
    0x080001a8   0x080001a8   0x00000000   Code   RO         5239    .ARM.Collect$$$$0000000F  mc_w.l(entry11a.o)
    0x080001a8   0x080001a8   0x00000004   Code   RO         5228    .ARM.Collect$$$$00002712  mc_w.l(entry2.o)
    0x080001ac   0x080001ac   0x00000024   Code   RO            4    .text               startup_n32g45x.o
    0x080001d0   0x080001d0   0x0000014e   Code   RO         5170    .text               mf_w.l(dadd.o)
    0x0800031e   0x0800031e   0x000000e4   Code   RO         5172    .text               mf_w.l(dmul.o)
    0x08000402   0x08000402   0x00000026   Code   RO         5174    .text               mf_w.l(f2d.o)
    0x08000428   0x08000428   0x00000038   Code   RO         5178    .text               mf_w.l(d2f.o)
    0x08000460   0x08000460   0x0000001e   Code   RO         5241    .text               mc_w.l(llshl.o)
    0x0800047e   0x0800047e   0x00000024   Code   RO         5243    .text               mc_w.l(llsshr.o)
    0x080004a2   0x080004a2   0x00000000   Code   RO         5252    .text               mc_w.l(iusefp.o)
    0x080004a2   0x080004a2   0x0000006e   Code   RO         5253    .text               mf_w.l(fepilogue.o)
    0x08000510   0x08000510   0x000000ba   Code   RO         5255    .text               mf_w.l(depilogue.o)
    0x080005ca   0x080005ca   0x00000036   Code   RO         5259    .text               mf_w.l(fcmp4.o)
    0x08000600   0x08000600   0x00000024   Code   RO         5271    .text               mc_w.l(init.o)
    0x08000624   0x08000624   0x00000020   Code   RO         5273    .text               mc_w.l(llushr.o)
    0x08000644   0x08000644   0x0000005e   Code   RO         5291    .text               mc_w.l(__dclz77c.o)
    0x080006a2   0x080006a2   0x00000004   Code   RO          226    i.BusFault_Handler  n32g45x_it.o
    0x080006a6   0x080006a6   0x00000002   Code   RO          228    i.DebugMon_Handler  n32g45x_it.o
    0x080006a8   0x080006a8   0x00000116   Code   RO         2481    i.GPIO_InitPeripheral  n32g45x_gpio.o
    0x080007be   0x080007be   0x00000004   Code   RO         2487    i.GPIO_ResetBits    n32g45x_gpio.o
    0x080007c2   0x080007c2   0x00000004   Code   RO         2488    i.GPIO_SetBits      n32g45x_gpio.o
    0x080007c6   0x080007c6   0x00000004   Code   RO          229    i.HardFault_Handler  n32g45x_it.o
    0x080007ca   0x080007ca   0x00000004   Code   RO          230    i.MemManage_Handler  n32g45x_it.o
    0x080007ce   0x080007ce   0x00000002   Code   RO          231    i.NMI_Handler       n32g45x_it.o
    0x080007d0   0x080007d0   0x00000070   Code   RO          509    i.NVIC_Init         misc.o
    0x08000840   0x08000840   0x00000014   Code   RO          510    i.NVIC_PriorityGroupConfig  misc.o
    0x08000854   0x08000854   0x00000020   Code   RO         3239    i.RCC_EnableAPB1PeriphClk  n32g45x_rcc.o
    0x08000874   0x08000874   0x00000020   Code   RO         3241    i.RCC_EnableAPB2PeriphClk  n32g45x_rcc.o
    0x08000894   0x08000894   0x0000010c   Code   RO         3251    i.RCC_GetClocksFreqValue  n32g45x_rcc.o
    0x080009a0   0x080009a0   0x00000002   Code   RO          232    i.SVC_Handler       n32g45x_it.o
    0x080009a2   0x080009a2   0x00000002   PAD
    0x080009a4   0x080009a4   0x00000058   Code   RO          407    i.SVPWM2Duty        control.o
    0x080009fc   0x080009fc   0x00000104   Code   RO           13    i.SetSysClock       system_n32g45x.o
    0x08000b00   0x08000b00   0x00000002   Code   RO          233    i.SysTick_Handler   n32g45x_it.o
    0x08000b02   0x08000b02   0x00000002   PAD
    0x08000b04   0x08000b04   0x000000b0   Code   RO           15    i.SystemInit        system_n32g45x.o
    0x08000bb4   0x08000bb4   0x00000124   Code   RO          234    i.TIM1_UP_IRQHandler  n32g45x_it.o
    0x08000cd8   0x08000cd8   0x00000052   Code   RO         4129    i.TIM_ConfigBkdt    n32g45x_tim.o
    0x08000d2a   0x08000d2a   0x00000012   Code   RO         4143    i.TIM_ConfigInt     n32g45x_tim.o
    0x08000d3c   0x08000d3c   0x00000016   Code   RO         4171    i.TIM_Enable        n32g45x_tim.o
    0x08000d52   0x08000d52   0x0000001e   Code   RO         4175    i.TIM_EnableCtrlPwmOutputs  n32g45x_tim.o
    0x08000d70   0x08000d70   0x00000012   Code   RO         4192    i.TIM_InitBkdtStruct  n32g45x_tim.o
    0x08000d82   0x08000d82   0x00000002   PAD
    0x08000d84   0x08000d84   0x00000074   Code   RO         4194    i.TIM_InitOc1       n32g45x_tim.o
    0x08000df8   0x08000df8   0x00000088   Code   RO         4195    i.TIM_InitOc2       n32g45x_tim.o
    0x08000e80   0x08000e80   0x00000080   Code   RO         4196    i.TIM_InitOc3       n32g45x_tim.o
    0x08000f00   0x08000f00   0x0000006c   Code   RO         4197    i.TIM_InitOc4       n32g45x_tim.o
    0x08000f6c   0x08000f6c   0x00000158   Code   RO         4202    i.TIM_InitTimeBase  n32g45x_tim.o
    0x080010c4   0x080010c4   0x00000168   Code   RO          364    i.TIM_Intial        tim.o
    0x0800122c   0x0800122c   0x00000080   Code   RO          449    i.UART_Init         uart.o
    0x080012ac   0x080012ac   0x0000000c   Code   RO          450    i.UART_SentData     uart.o
    0x080012b8   0x080012b8   0x00000018   Code   RO         4877    i.USART_Enable      n32g45x_usart.o
    0x080012d0   0x080012d0   0x000000c8   Code   RO         4886    i.USART_Init        n32g45x_usart.o
    0x08001398   0x08001398   0x00000160   Code   RO          409    i.Udq2SVPWM         control.o
    0x080014f8   0x080014f8   0x0000001e   Code   RO          410    i.Udq2Uab           control.o
    0x08001516   0x08001516   0x00000004   Code   RO          235    i.UsageFault_Handler  n32g45x_it.o
    0x0800151a   0x0800151a   0x00000026   Code   RO         5197    i.__ARM_fpclassifyf  m_wm.l(fpclassifyf.o)
    0x08001540   0x08001540   0x00000150   Code   RO         5123    i.__hardfp_cosf     m_wm.l(cosf.o)
    0x08001690   0x08001690   0x00000048   Code   RO         5159    i.__hardfp_fmaxf    m_wm.l(fmaxf.o)
    0x080016d8   0x080016d8   0x00000048   Code   RO         5163    i.__hardfp_fminf    m_wm.l(fminf.o)
    0x08001720   0x08001720   0x00000190   Code   RO         5147    i.__hardfp_sinf     m_wm.l(sinf.o)
    0x080018b0   0x080018b0   0x00000006   Code   RO         5200    i.__mathlib_flt_infnan  m_wm.l(funder.o)
    0x080018b6   0x080018b6   0x00000002   PAD
    0x080018b8   0x080018b8   0x00000010   Code   RO         5202    i.__mathlib_flt_invalid  m_wm.l(funder.o)
    0x080018c8   0x080018c8   0x00000010   Code   RO         5205    i.__mathlib_flt_underflow  m_wm.l(funder.o)
    0x080018d8   0x080018d8   0x00000154   Code   RO         5218    i.__mathlib_rredf2  m_wm.l(rredf.o)
    0x08001a2c   0x08001a2c   0x0000000e   Code   RO         5285    i.__scatterload_copy  mc_w.l(handlers.o)
    0x08001a3a   0x08001a3a   0x00000002   Code   RO         5286    i.__scatterload_null  mc_w.l(handlers.o)
    0x08001a3c   0x08001a3c   0x0000000e   Code   RO         5287    i.__scatterload_zeroinit  mc_w.l(handlers.o)
    0x08001a4a   0x08001a4a   0x00000002   PAD
    0x08001a4c   0x08001a4c   0x0000000c   Code   RO         5247    i.__set_errno       mc_w.l(errno.o)
    0x08001a58   0x08001a58   0x0000002a   Code   RO          317    i.iPark_DQ2AlphaBeta  transform.o
    0x08001a82   0x08001a82   0x00000002   PAD
    0x08001a84   0x08001a84   0x00000084   Code   RO          166    i.main              main.o
    0x08001b08   0x08001b08   0x00000040   Data   RO         3257    .constdata          n32g45x_rcc.o
    0x08001b48   0x08001b48   0x00000020   Data   RO         5219    .constdata          m_wm.l(rredf.o)
    0x08001b68   0x08001b68   0x00000020   Data   RO         5283    Region$$Table       anon$$obj.o


    Execution Region RW_IRAM1 (Exec base: 0x20000000, Load base: 0x08001b88, Size: 0x00001ee0, Max: 0x00024000, ABSOLUTE, COMPRESSED[0x00000650])

    Exec Addr    Load Addr    Size         Type   Attr      Idx    E Section Name        Object

    0x20000000   COMPRESSED   0x00000004   Data   RW           17    .data               system_n32g45x.o
    0x20000004   COMPRESSED   0x00000002   Data   RW          168    .data               main.o
    0x20000006   COMPRESSED   0x00000002   PAD
    0x20000008   COMPRESSED   0x00000650   Data   RW          236    .data               n32g45x_it.o
    0x20000658   COMPRESSED   0x0000000a   Data   RW          366    .data               tim.o
    0x20000662   COMPRESSED   0x00000002   PAD
    0x20000664   COMPRESSED   0x00000004   Data   RW         5248    .data               mc_w.l(errno.o)
    0x20000668        -       0x00000354   Zero   RW          167    .bss                main.o
    0x200009bc        -       0x00000020   Zero   RW          365    .bss                tim.o
    0x200009dc   COMPRESSED   0x00000004   PAD
    0x200009e0        -       0x00001500   Zero   RW            1    STACK               startup_n32g45x.o


==============================================================================

Image component sizes


      Code (inc. data)   RO Data    RW Data    ZI Data      Debug   Object Name

       470         30          0          0          0       2283   control.o
       132         24          0          2        852       2382   main.o
       132         22          0          0          0       1519   misc.o
       286          0          0          0          0       3282   n32g45x_gpio.o
       316         50          0       1616          0       6323   n32g45x_it.o
       332         40         64          0          0       5369   n32g45x_rcc.o
      1002         70          0          0          0       7169   n32g45x_tim.o
       224         12          0          0          0       2780   n32g45x_usart.o
        36          8        408          0       5376        852   startup_n32g45x.o
       436         54          0          4          0     341909   system_n32g45x.o
       360         38          0         10         32       1633   tim.o
        42          0          0          0          0       2230   transform.o
       140         14          0          0          0       1704   uart.o

    ----------------------------------------------------------------------
      3916        362        504       1636       6264     379435   Object Totals
         0          0         32          0          0          0   (incl. Generated)
         8          0          0          4          4          0   (incl. Padding)

    ----------------------------------------------------------------------

      Code (inc. data)   RO Data    RW Data    ZI Data      Debug   Library Member Name

       336         56          0          0          0        136   cosf.o
        72          0          0          0          0        148   fmaxf.o
        72          0          0          0          0        148   fminf.o
        38          0          0          0          0        116   fpclassifyf.o
        38         12          0          0          0        348   funder.o
       340         24         32          0          0        160   rredf.o
       400         56          0          0          0        212   sinf.o
        94          0          0          0          0          0   __dclz77c.o
         0          0          0          0          0          0   entry.o
         0          0          0          0          0          0   entry10a.o
         0          0          0          0          0          0   entry11a.o
         8          4          0          0          0          0   entry2.o
         4          0          0          0          0          0   entry5.o
         0          0          0          0          0          0   entry7b.o
         0          0          0          0          0          0   entry8b.o
         8          4          0          0          0          0   entry9a.o
        12          6          0          4          0         68   errno.o
        30          0          0          0          0          0   handlers.o
        36          8          0          0          0         68   init.o
         0          0          0          0          0          0   iusefp.o
        30          0          0          0          0         68   llshl.o
        36          0          0          0          0         68   llsshr.o
        32          0          0          0          0         68   llushr.o
        56          0          0          0          0         88   d2f.o
       334          0          0          0          0        148   dadd.o
       186          0          0          0          0        176   depilogue.o
       228          0          0          0          0         96   dmul.o
        38          0          0          0          0         68   f2d.o
        54          0          0          0          0         68   fcmp4.o
       110          0          0          0          0        168   fepilogue.o

    ----------------------------------------------------------------------
      2596        170         32          4          0       2420   Library Totals
         4          0          0          0          0          0   (incl. Padding)

    ----------------------------------------------------------------------

      Code (inc. data)   RO Data    RW Data    ZI Data      Debug   Library Name

      1296        148         32          0          0       1268   m_wm.l
       290         22          0          4          0        340   mc_w.l
      1006          0          0          0          0        812   mf_w.l

    ----------------------------------------------------------------------
      2596        170         32          4          0       2420   Library Totals

    ----------------------------------------------------------------------

==============================================================================


      Code (inc. data)   RO Data    RW Data    ZI Data      Debug   

      6512        532        536       1640       6264     377571   Grand Totals
      6512        532        536       1616       6264     377571   ELF Image Totals (compressed)
      6512        532        536       1616          0          0   ROM Totals

==============================================================================

    Total RO  Size (Code + RO Data)                 7048 (   6.88kB)
    Total RW  Size (RW Data + ZI Data)              7904 (   7.72kB)
    Total ROM Size (Code + RO Data + RW Data)       8664 (   8.46kB)

==============================================================================

