<html>
<body>
<pre>
<h1>µVision Build Log</h1>
<h2>Tool Versions:</h2>
IDE-Version: ¦ÌVision V5.28.0.0
Copyright (C) 2019 ARM Ltd and ARM Germany GmbH. All rights reserved.
License Information: Chen Vanilla, HDU, LIC=UJWP0-BCIKM-9U74U-SDK9N-9TM5B-483EK
 
Tool Versions:
Toolchain:       MDK-ARM Plus  Version: 5.28.0.0
Toolchain Path:  D:\Program Files\Keil_v5\ARM\ARMCC\Bin
C Compiler:      Armcc.exe V5.06 update 6 (build 750)
Assembler:       Armasm.exe V5.06 update 6 (build 750)
Linker/Locator:  ArmLink.exe V5.06 update 6 (build 750)
Library Manager: ArmAr.exe V5.06 update 6 (build 750)
Hex Converter:   FromElf.exe V5.06 update 6 (build 750)
CPU DLL:         SARMCM3.DLL V5.28.0.0
Dialog DLL:      DCM.DLL V1.17.3.0
Target DLL:      STLink\ST-LINKIII-KEIL_SWO.dll V3.0.6.0
Dialog DLL:      TCM.DLL V1.36.2.0
 
<h2>Project:</h2>
D:\Desktop\Project\PFC\N32\MDK\Inverter\project\template.uvprojx
Project File Date:  07/26/2023

<h2>Output:</h2>
*** Using Compiler 'V5.06 update 6 (build 750)', folder: 'D:\Program Files\Keil_v5\ARM\ARMCC\Bin'
Rebuild target 'Target 1'
assembling startup_n32g45x.s...
compiling ADC.c...
compiling TIM.c...
compiling PLL.c...
compiling system_n32g45x.c...
compiling n32g45x_comp.c...
compiling main.c...
compiling Control.c...
..\User\my_source\Control.c(47): warning:  #1035-D: single-precision operand implicitly converted to double-precision
  		Tabc->Ta = ((ABC_DQ_Data->f32Alpha + Add2) * 0.5773502691) + 0.5F;	//
..\User\my_source\Control.c(48): warning:  #1035-D: single-precision operand implicitly converted to double-precision
  		Tabc->Tb = ((tmpB + Add2) * 0.5773502691) + 0.5F;
..\User\my_source\Control.c(49): warning:  #1035-D: single-precision operand implicitly converted to double-precision
  		Tabc->Tc = ((tmpC + Add2) * 0.5773502691) + 0.5F;
..\User\my_source\Control.c: 3 warnings, 0 errors
compiling n32g45x_adc.c...
compiling misc.c...
compiling n32g45x_crc.c...
compiling Transform.c...
compiling n32g45x_bkp.c...
compiling n32g45x_it.c...
compiling UART.c...
compiling n32g45x_can.c...
compiling n32g45x_dac.c...
compiling n32g45x_dbg.c...
compiling n32g45x_dvp.c...
compiling n32g45x_dma.c...
compiling n32g45x_exti.c...
compiling n32g45x_iwdg.c...
compiling n32g45x_flash.c...
compiling n32g45x_gpio.c...
compiling n32g45x_i2c.c...
compiling n32g45x_pwr.c...
compiling n32g45x_opamp.c...
compiling n32g45x_eth.c...
compiling n32g45x_rcc.c...
compiling n32g45x_qspi.c...
compiling n32g45x_sdio.c...
compiling n32g45x_rtc.c...
compiling n32g45x_spi.c...
compiling n32g45x_tsc.c...
compiling n32g45x_usart.c...
compiling n32g45x_wwdg.c...
compiling n32g45x_tim.c...
linking...
Program Size: Code=6512 RO-data=536 RW-data=1640 ZI-data=6264  
FromELF: creating hex file...
".\Objects\template.axf" - 0 Error(s), 3 Warning(s).

<h2>Software Packages used:</h2>

Package Vendor: Nationstech
                http://www.keil.com/pack/Nationstech.N32G45x_DFP.1.0.4.pack
                Nationstech.N32G45x_DFP.1.0.4
                Nationstech N32G45x Series Device Support, Drivers and Examples

<h2>Collection of Component include folders:</h2>
  .\RTE\_Target_1
  D:\Program Files\Arm\Packs\Nationstech\N32G45x_DFP\1.0.4\firmware\CMSIS\device

<h2>Collection of Component Files used:</h2>
Build Time Elapsed:  00:00:01
</pre>
</body>
</html>
